<html>
<body>
<pre>
<h1>礦ision Build Log</h1>
<h2>Tool Versions:</h2>
IDE-Version: μVision V5.43.0.0
Copyright (C) 2025 ARM Ltd and ARM Germany GmbH. All rights reserved.
License Information: 212312 Administrator, 3213123, LIC=76F5U-SEDPZ-RABDM-XB30B-QY6SR-YRVXG
 
Tool Versions:
Toolchain:       MDK-ARM Plus  Version: 5.43.0.0
Toolchain Path:  D:\Keil_v5\ARM\ARMCC\Bin
C Compiler:      Armcc.exe V5.05 update 2 (build 169)
Assembler:       Armasm.exe V5.05 update 2 (build 169)
Linker/Locator:  ArmLink.exe V5.05 update 2 (build 169)
Library Manager: ArmAr.exe V5.05 update 2 (build 169)
Hex Converter:   FromElf.exe V5.05 update 2 (build 169)
CPU DLL:         SARMCM3.DLL V5.43.0.0
Dialog DLL:      DCM.DLL V1.17.5.0
Target DLL:      UL2CM3.DLL V1.164.16.0
Dialog DLL:      TCM.DLL V1.56.6.0
 
<h2>Project:</h2>
D:\zd\V1.0版本多合一32小车底盘(杨桂钦+新增：PWM控制电机，读取电机编码值，未增加：麦轮控制和速度闭环)\Project.uvprojx
Project File Date:  04/04/2026

<h2>Output:</h2>
*** Using Compiler 'V5.05 update 2 (build 169)', folder: 'D:\Keil_v5\ARM\ARMCC\Bin'
Build target 'Target 1'
compiling main.c...
.\Hardware\brightness_sensor.h(9): warning:  #47-D: incompatible redefinition of macro "Analog_CLK_ENABLE" (declared at line 9 of ".\Hardware\Two_gray_sensor.h")
  #define Analog_CLK_ENABLE()			RCC_APB2PeriphClockCmd(RCC_APB2Periph_GPIOA,ENABLE)
User\main.c(73): warning:  #188-D: enumerated type mixed with another type
      Gir_setMode(0);             // 璁?缃?绾?澶?娴?璺?浼?鎰?鍣?妯?寮?:0-楂?绮?搴?妯?寮?,1-浣?绮?搴?妯?寮?
User\main.c: 2 warnings, 0 errors
linking...
Program Size: Code=15544 RO-data=288 RW-data=168 ZI-data=1624  
FromELF: creating hex file...
".\Objects\Project.axf" - 0 Error(s), 2 Warning(s).

<h2>Software Packages used:</h2>

Package Vendor: Keil
                https://www.keil.com/pack/Keil.STM32F1xx_DFP.2.4.1.pack
                Keil::STM32F1xx_DFP@2.4.1
                STMicroelectronics STM32F1 Series Device Support, Drivers and Examples

<h2>Collection of Component include folders:</h2>
  D:/Packs/Keil/STM32F1xx_DFP/2.4.1/Device/Include

<h2>Collection of Component Files used:</h2>
Build Time Elapsed:  00:00:02
</pre>
</body>
</html>
