Component: ARM Compiler 5.05 update 2 (build 169) Tool: armlink [4d0f33]

==============================================================================

Section Cross References

    startup_stm32f10x_md.o(RESET) refers to startup_stm32f10x_md.o(STACK) for __initial_sp
    startup_stm32f10x_md.o(RESET) refers to startup_stm32f10x_md.o(.text) for Reset_Handler
    startup_stm32f10x_md.o(RESET) refers to stm32f10x_it.o(i.NMI_Handler) for NMI_Handler
    startup_stm32f10x_md.o(RESET) refers to stm32f10x_it.o(i.HardFault_Handler) for HardFault_Handler
    startup_stm32f10x_md.o(RESET) refers to stm32f10x_it.o(i.MemManage_Handler) for MemManage_Handler
    startup_stm32f10x_md.o(RESET) refers to stm32f10x_it.o(i.BusFault_Handler) for BusFault_Handler
    startup_stm32f10x_md.o(RESET) refers to stm32f10x_it.o(i.UsageFault_Handler) for UsageFault_Handler
    startup_stm32f10x_md.o(RESET) refers to stm32f10x_it.o(i.SVC_Handler) for SVC_Handler
    startup_stm32f10x_md.o(RESET) refers to stm32f10x_it.o(i.DebugMon_Handler) for DebugMon_Handler
    startup_stm32f10x_md.o(RESET) refers to stm32f10x_it.o(i.PendSV_Handler) for PendSV_Handler
    startup_stm32f10x_md.o(RESET) refers to delay.o(i.SysTick_Handler) for SysTick_Handler
    startup_stm32f10x_md.o(RESET) refers to encoder.o(i.EXTI1_IRQHandler) for EXTI1_IRQHandler
    startup_stm32f10x_md.o(RESET) refers to encoder.o(i.EXTI2_IRQHandler) for EXTI2_IRQHandler
    startup_stm32f10x_md.o(RESET) refers to encoder.o(i.EXTI9_5_IRQHandler) for EXTI9_5_IRQHandler
    startup_stm32f10x_md.o(RESET) refers to timer.o(i.TIM2_IRQHandler) for TIM2_IRQHandler
    startup_stm32f10x_md.o(RESET) refers to serial.o(i.USART1_IRQHandler) for USART1_IRQHandler
    startup_stm32f10x_md.o(RESET) refers to serial.o(i.USART2_IRQHandler) for USART2_IRQHandler
    startup_stm32f10x_md.o(RESET) refers to encoder.o(i.EXTI15_10_IRQHandler) for EXTI15_10_IRQHandler
    startup_stm32f10x_md.o(.text) refers to system_stm32f10x.o(i.SystemInit) for SystemInit
    startup_stm32f10x_md.o(.text) refers to entry.o(.ARM.Collect$$$$00000000) for __main
    system_stm32f10x.o(i.SetSysClock) refers to system_stm32f10x.o(i.SetSysClockTo72) for SetSysClockTo72
    system_stm32f10x.o(i.SystemCoreClockUpdate) refers to system_stm32f10x.o(.data) for SystemCoreClock
    system_stm32f10x.o(i.SystemInit) refers to system_stm32f10x.o(i.SetSysClock) for SetSysClock
    stm32f10x_adc.o(i.ADC_DeInit) refers to stm32f10x_rcc.o(i.RCC_APB2PeriphResetCmd) for RCC_APB2PeriphResetCmd
    stm32f10x_bkp.o(i.BKP_DeInit) refers to stm32f10x_rcc.o(i.RCC_BackupResetCmd) for RCC_BackupResetCmd
    stm32f10x_can.o(i.CAN_DeInit) refers to stm32f10x_rcc.o(i.RCC_APB1PeriphResetCmd) for RCC_APB1PeriphResetCmd
    stm32f10x_can.o(i.CAN_GetITStatus) refers to stm32f10x_can.o(i.CheckITStatus) for CheckITStatus
    stm32f10x_cec.o(i.CEC_DeInit) refers to stm32f10x_rcc.o(i.RCC_APB1PeriphResetCmd) for RCC_APB1PeriphResetCmd
    stm32f10x_dac.o(i.DAC_DeInit) refers to stm32f10x_rcc.o(i.RCC_APB1PeriphResetCmd) for RCC_APB1PeriphResetCmd
    stm32f10x_flash.o(i.FLASH_EnableWriteProtection) refers to stm32f10x_flash.o(i.FLASH_WaitForLastOperation) for FLASH_WaitForLastOperation
    stm32f10x_flash.o(i.FLASH_EraseAllBank1Pages) refers to stm32f10x_flash.o(i.FLASH_WaitForLastBank1Operation) for FLASH_WaitForLastBank1Operation
    stm32f10x_flash.o(i.FLASH_EraseAllPages) refers to stm32f10x_flash.o(i.FLASH_WaitForLastOperation) for FLASH_WaitForLastOperation
    stm32f10x_flash.o(i.FLASH_EraseOptionBytes) refers to stm32f10x_flash.o(i.FLASH_GetReadOutProtectionStatus) for FLASH_GetReadOutProtectionStatus
    stm32f10x_flash.o(i.FLASH_EraseOptionBytes) refers to stm32f10x_flash.o(i.FLASH_WaitForLastOperation) for FLASH_WaitForLastOperation
    stm32f10x_flash.o(i.FLASH_ErasePage) refers to stm32f10x_flash.o(i.FLASH_WaitForLastOperation) for FLASH_WaitForLastOperation
    stm32f10x_flash.o(i.FLASH_ProgramHalfWord) refers to stm32f10x_flash.o(i.FLASH_WaitForLastOperation) for FLASH_WaitForLastOperation
    stm32f10x_flash.o(i.FLASH_ProgramOptionByteData) refers to stm32f10x_flash.o(i.FLASH_WaitForLastOperation) for FLASH_WaitForLastOperation
    stm32f10x_flash.o(i.FLASH_ProgramWord) refers to stm32f10x_flash.o(i.FLASH_WaitForLastOperation) for FLASH_WaitForLastOperation
    stm32f10x_flash.o(i.FLASH_ReadOutProtection) refers to stm32f10x_flash.o(i.FLASH_WaitForLastOperation) for FLASH_WaitForLastOperation
    stm32f10x_flash.o(i.FLASH_UserOptionByteConfig) refers to stm32f10x_flash.o(i.FLASH_WaitForLastOperation) for FLASH_WaitForLastOperation
    stm32f10x_flash.o(i.FLASH_WaitForLastBank1Operation) refers to stm32f10x_flash.o(i.FLASH_GetBank1Status) for FLASH_GetBank1Status
    stm32f10x_flash.o(i.FLASH_WaitForLastOperation) refers to stm32f10x_flash.o(i.FLASH_GetBank1Status) for FLASH_GetBank1Status
    stm32f10x_gpio.o(i.GPIO_AFIODeInit) refers to stm32f10x_rcc.o(i.RCC_APB2PeriphResetCmd) for RCC_APB2PeriphResetCmd
[...]
    Start\system_stm32f10x.c                 0x00000000   Number         0  system_stm32f10x.o ABSOLUTE
    System\Delay.c                           0x00000000   Number         0  delay.o ABSOLUTE
    System\Timer.c                           0x00000000   Number         0  timer.o ABSOLUTE
    User\main.c                              0x00000000   Number         0  main.o ABSOLUTE
    User\stm32f10x_it.c                      0x00000000   Number         0  stm32f10x_it.o ABSOLUTE
    cdcmple.s                                0x00000000   Number         0  cdcmple.o ABSOLUTE
    cdrcmple.s                               0x00000000   Number         0  cdrcmple.o ABSOLUTE
    cfcmple.s                                0x00000000   Number         0  cfcmple.o ABSOLUTE
    cfrcmple.s                               0x00000000   Number         0  cfrcmple.o ABSOLUTE
    dc.s                                     0x00000000   Number         0  dc.o ABSOLUTE
    handlers.s                               0x00000000   Number         0  handlers.o ABSOLUTE
    init.s                                   0x00000000   Number         0  init.o ABSOLUTE
    RESET                                    0x08000000   Section      236  startup_stm32f10x_md.o(RESET)
    .ARM.Collect$$$$00000000                 0x080000ec   Section        0  entry.o(.ARM.Collect$$$$00000000)
    .ARM.Collect$$$$00000001                 0x080000ec   Section        4  entry2.o(.ARM.Collect$$$$00000001)
    .ARM.Collect$$$$00000004                 0x080000f0   Section        4  entry5.o(.ARM.Collect$$$$00000004)
    .ARM.Collect$$$$00000008                 0x080000f4   Section        0  entry7b.o(.ARM.Collect$$$$00000008)
    .ARM.Collect$$$$0000000A                 0x080000f4   Section        0  entry8b.o(.ARM.Collect$$$$0000000A)
    .ARM.Collect$$$$0000000B                 0x080000f4   Section        8  entry9a.o(.ARM.Collect$$$$0000000B)
    .ARM.Collect$$$$0000000D                 0x080000fc   Section        0  entry10a.o(.ARM.Collect$$$$0000000D)
    .ARM.Collect$$$$0000000F                 0x080000fc   Section        0  entry11a.o(.ARM.Collect$$$$0000000F)
    .ARM.Collect$$$$00002712                 0x080000fc   Section        4  entry2.o(.ARM.Collect$$$$00002712)
    __lit__00000000                          0x080000fc   Data           4  entry2.o(.ARM.Collect$$$$00002712)
    .text                                    0x08000100   Section       36  startup_stm32f10x_md.o(.text)
    .text                                    0x08000124   Section        0  fadd.o(.text)
    .text                                    0x080001d4   Section        0  fmul.o(.text)
    .text                                    0x08000238   Section        0  fdiv.o(.text)
    .text                                    0x080002b4   Section        0  dadd.o(.text)
    .text                                    0x08000402   Section        0  ddiv.o(.text)
    .text                                    0x080004e0   Section        0  fflti.o(.text)
    .text                                    0x080004f2   Section        0  ffltui.o(.text)
    .text                                    0x080004fc   Section        0  dfltui.o(.text)
    .text                                    0x08000516   Section        0  ffixi.o(.text)
    .text                                    0x08000548   Section        0  ffixui.o(.text)
    .text                                    0x08000570   Section        0  dfixui.o(.text)
    .text                                    0x080005a2   Section        0  f2d.o(.text)
    .text                                    0x080005c8   Section       48  cdcmple.o(.text)
    .text                                    0x080005f8   Section        0  d2f.o(.text)
    .text                                    0x08000630   Section       20  cfcmple.o(.text)
    .text                                    0x08000644   Section       20  cfrcmple.o(.text)
    .text                                    0x08000658   Section        0  uidiv.o(.text)
    .text                                    0x08000684   Section        0  uldiv.o(.text)
    .text                                    0x080006e6   Section        0  llshl.o(.text)
    .text                                    0x08000704   Section        0  llushr.o(.text)
    .text                                    0x08000724   Section        0  llsshr.o(.text)
    .text                                    0x08000748   Section        0  iusefp.o(.text)
    .text                                    0x08000748   Section        0  fepilogue.o(.text)
    .text                                    0x080007b6   Section        0  depilogue.o(.text)
    .text                                    0x08000870   Section        0  dmul.o(.text)
    .text                                    0x08000954   Section        0  dfixul.o(.text)
    .text                                    0x08000984   Section       48  cdrcmple.o(.text)
    .text                                    0x080009b4   Section       36  init.o(.text)
    i.ADC_Cmd                                0x080009d8   Section        0  stm32f10x_adc.o(i.ADC_Cmd)
    i.ADC_DMACmd                             0x080009ee   Section        0  stm32f10x_adc.o(i.ADC_DMACmd)
    i.ADC_GetCalibrationStatus               0x08000a04   Section        0  stm32f10x_adc.o(i.ADC_GetCalibrationStatus)
    i.ADC_GetResetCalibrationStatus          0x08000a18   Section        0  stm32f10x_adc.o(i.ADC_GetResetCalibrationStatus)
    i.ADC_Init                               0x08000a2c   Section        0  stm32f10x_adc.o(i.ADC_Init)
    i.ADC_RegularChannelConfig               0x08000a7c   Section        0  stm32f10x_adc.o(i.ADC_RegularChannelConfig)
    i.ADC_ResetCalibration                   0x08000b34   Section        0  stm32f10x_adc.o(i.ADC_ResetCalibration)
    i.ADC_SoftwareStartConvCmd               0x08000b3e   Section        0  stm32f10x_adc.o(i.ADC_SoftwareStartConvCmd)
    i.ADC_StartCalibration                   0x08000b54   Section        0  stm32f10x_adc.o(i.ADC_StartCalibration)
    i.Adc_Init                               0x08000b60   Section        0  two_gray_sensor.o(i.Adc_Init)
    Adc_Init                                 0x08000b61   Thumb Code   246  two_gray_sensor.o(i.Adc_Init)
    i.BusFault_Handler                       0x08000c64   Section        0  stm32f10x_it.o(i.BusFault_Handler)
    i.Camera_IRQHandler                      0x08000c68   Section        0  camera_protocol.o(i.Camera_IRQHandler)
    i.Camera_Init                            0x08000cac   Section        0  camera_protocol.o(i.Camera_Init)
    i.Car_Move_Backward                      0x08000cd8   Section        0  motor.o(i.Car_Move_Backward)
    i.Car_Stop                               0x08000cf2   Section        0  motor.o(i.Car_Stop)
    i.Car_Turn_Left                          0x08000d02   Section        0  motor.o(i.Car_Turn_Left)
    i.Car_Turn_Right                         0x08000d18   Section        0  motor.o(i.Car_Turn_Right)
    i.DHT11_IO_INPUT_Init                    0x08000d30   Section        0  dht11.o(i.DHT11_IO_INPUT_Init)
    i.DHT11_IO_OUTPUT_Init                   0x08000d54   Section        0  dht11.o(i.DHT11_IO_OUTPUT_Init)
    i.DHT11_Read_Byte                        0x08000d78   Section        0  dht11.o(i.DHT11_Read_Byte)
    i.DHT11_Start                            0x08000dec   Section        0  dht11.o(i.DHT11_Start)
    i.DHT_Read                               0x08000e90   Section        0  dht11.o(i.DHT_Read)
    i.DMA_Cmd                                0x08000ee8   Section        0  stm32f10x_dma.o(i.DMA_Cmd)
    i.DMA_Init                               0x08000f00   Section        0  stm32f10x_dma.o(i.DMA_Init)
    i.DebugMon_Handler                       0x08000f3c   Section        0  stm32f10x_it.o(i.DebugMon_Handler)
    i.Delay_ms                               0x08000f3e   Section        0  delay.o(i.Delay_ms)
    i.Delay_us                               0x08000f56   Section        0  delay.o(i.Delay_us)
    i.Digital_Init                           0x08000f84   Section        0  digital.o(i.Digital_Init)
    i.Display_Sensor_Update                  0x08000fb0   Section        0  main.o(i.Display_Sensor_Update)
    i.Distance_IO_Init                       0x0800107c   Section        0  gir_distance.o(i.Distance_IO_Init)
    i.Distance_SDA_SetInput                  0x080010a8   Section        0  gir_distance.o(i.Distance_SDA_SetInput)
    i.Distance_SDA_SetOutput                 0x080010c4   Section        0  gir_distance.o(i.Distance_SDA_SetOutput)
    i.EXTI15_10_IRQHandler                   0x080010e8   Section        0  encoder.o(i.EXTI15_10_IRQHandler)
    i.EXTI1_IRQHandler                       0x0800115c   Section        0  encoder.o(i.EXTI1_IRQHandler)
    i.EXTI2_IRQHandler                       0x080011c8   Section        0  encoder.o(i.EXTI2_IRQHandler)
    i.EXTI9_5_IRQHandler                     0x08001238   Section        0  encoder.o(i.EXTI9_5_IRQHandler)
    i.EXTI_ClearITPendingBit                 0x080012a8   Section        0  stm32f10x_exti.o(i.EXTI_ClearITPendingBit)
    i.EXTI_GetITStatus                       0x080012b4   Section        0  stm32f10x_exti.o(i.EXTI_GetITStatus)
    i.Execute_Left_Turn                      0x080012dc   Section        0  two_gray_line_following.o(i.Execute_Left_Turn)
    i.Execute_Right_Turn                     0x0800135c   Section        0  two_gray_line_following.o(i.Execute_Right_Turn)
    i.GPIO_Init                              0x080013d0   Section        0  stm32f10x_gpio.o(i.GPIO_Init)
    i.GPIO_PinRemapConfig                    0x080014e8   Section        0  stm32f10x_gpio.o(i.GPIO_PinRemapConfig)
    i.GPIO_ReadInputDataBit                  0x08001578   Section        0  stm32f10x_gpio.o(i.GPIO_ReadInputDataBit)
    i.GPIO_ResetBits                         0x0800158a   Section        0  stm32f10x_gpio.o(i.GPIO_ResetBits)
    i.GPIO_SetBits                           0x0800158e   Section        0  stm32f10x_gpio.o(i.GPIO_SetBits)
    i.Gir_distance_sensor_init               0x08001594   Section        0  gir_distance.o(i.Gir_distance_sensor_init)
    i.Gir_setMode                            0x08001608   Section        0  gir_distance.o(i.Gir_setMode)
    i.HardFault_Handler                      0x08001634   Section        0  stm32f10x_it.o(i.HardFault_Handler)
    i.Line_Following_With_Turns              0x08001638   Section        0  two_gray_line_following.o(i.Line_Following_With_Turns)
    i.MemManage_Handler                      0x080016a8   Section        0  stm32f10x_it.o(i.MemManage_Handler)
    i.Motor1_TIM3_Init                       0x080016ac   Section        0  motor.o(i.Motor1_TIM3_Init)
    Motor1_TIM3_Init                         0x080016ad   Thumb Code   168  motor.o(i.Motor1_TIM3_Init)
    i.Motor234_TIM1_TIM8_TIM4_Init           0x08001760   Section        0  motor.o(i.Motor234_TIM1_TIM8_TIM4_Init)
    Motor234_TIM1_TIM8_TIM4_Init             0x08001761   Thumb Code   542  motor.o(i.Motor234_TIM1_TIM8_TIM4_Init)
    i.Motor_SetSpeed                         0x08001998   Section        0  motor.o(i.Motor_SetSpeed)
    i.NMI_Handler                            0x08001a8c   Section        0  stm32f10x_it.o(i.NMI_Handler)
    i.NVIC_Init                              0x08001a90   Section        0  misc.o(i.NVIC_Init)
    i.NVIC_PriorityGroupConfig               0x08001b00   Section        0  misc.o(i.NVIC_PriorityGroupConfig)
    i.PWM_Motors_Init                        0x08001b14   Section        0  motor.o(i.PWM_Motors_Init)
    i.PendSV_Handler                         0x08001b20   Section        0  stm32f10x_it.o(i.PendSV_Handler)
    i.RCC_AHBPeriphClockCmd                  0x08001b24   Section        0  stm32f10x_rcc.o(i.RCC_AHBPeriphClockCmd)
    i.RCC_APB1PeriphClockCmd                 0x08001b44   Section        0  stm32f10x_rcc.o(i.RCC_APB1PeriphClockCmd)
    i.RCC_APB2PeriphClockCmd                 0x08001b64   Section        0  stm32f10x_rcc.o(i.RCC_APB2PeriphClockCmd)
    i.RCC_DeInit                             0x08001b84   Section        0  stm32f10x_rcc.o(i.RCC_DeInit)
    i.RCC_GetClocksFreq                      0x08001bd0   Section        0  stm32f10x_rcc.o(i.RCC_GetClocksFreq)
    i.RCC_GetFlagStatus                      0x08001ca4   Section        0  stm32f10x_rcc.o(i.RCC_GetFlagStatus)
    i.RCC_GetSYSCLKSource                    0x08001ce0   Section        0  stm32f10x_rcc.o(i.RCC_GetSYSCLKSource)
    i.RCC_HCLKConfig                         0x08001cf0   Section        0  stm32f10x_rcc.o(i.RCC_HCLKConfig)
    i.RCC_HSEConfig                          0x08001d08   Section        0  stm32f10x_rcc.o(i.RCC_HSEConfig)
    i.RCC_PCLK1Config                        0x08001d54   Section        0  stm32f10x_rcc.o(i.RCC_PCLK1Config)
    i.RCC_PCLK2Config                        0x08001d6c   Section        0  stm32f10x_rcc.o(i.RCC_PCLK2Config)
    i.RCC_PLLCmd                             0x08001d84   Section        0  stm32f10x_rcc.o(i.RCC_PLLCmd)
    i.RCC_PLLConfig                          0x08001d90   Section        0  stm32f10x_rcc.o(i.RCC_PLLConfig)
    i.RCC_SYSCLKConfig                       0x08001dac   Section        0  stm32f10x_rcc.o(i.RCC_SYSCLKConfig)
    i.Read_Digital                           0x08001dc4   Section        0  digital.o(i.Read_Digital)
    i.ResetFrameParser                       0x08001de4   Section        0  camera_protocol.o(i.ResetFrameParser)
    ResetFrameParser                         0x08001de5   Thumb Code    16  camera_protocol.o(i.ResetFrameParser)
    i.S485_IO_Init                           0x08001e00   Section        0  serial.o(i.S485_IO_Init)
    i.S485_Init                              0x08001e64   Section        0  serial.o(i.S485_Init)
    i.SMG_IO_Init                            0x08001ed8   Section        0  tm1637.o(i.SMG_IO_Init)
    i.SVC_Handler                            0x08001f04   Section        0  stm32f10x_it.o(i.SVC_Handler)
    i.Serial_Init                            0x08001f08   Section        0  serial.o(i.Serial_Init)
    i.Serial_SendByte                        0x08001fc0   Section        0  serial.o(i.Serial_SendByte)
    i.SetSysClock                            0x08001fe0   Section        0  system_stm32f10x.o(i.SetSysClock)
    SetSysClock                              0x08001fe1   Thumb Code     8  system_stm32f10x.o(i.SetSysClock)
    i.SetSysClockTo72                        0x08001fe8   Section        0  system_stm32f10x.o(i.SetSysClockTo72)
    SetSysClockTo72                          0x08001fe9   Thumb Code   214  system_stm32f10x.o(i.SetSysClockTo72)
    i.Set_All_Wheels                         0x080020c8   Section        0  motor.o(i.Set_All_Wheels)
    i.Set_Wheel_Speed                        0x080020f8   Section        0  motor.o(i.Set_Wheel_Speed)
    i.SysTick_Handler                        0x08002144   Section        0  delay.o(i.SysTick_Handler)
    i.SystemClock_Config                     0x0800215c   Section        0  encoder.o(i.SystemClock_Config)
    i.SystemInit                             0x080021d4   Section        0  system_stm32f10x.o(i.SystemInit)
    i.Systick_Init                           0x08002234   Section        0  delay.o(i.Systick_Init)
    i.TIM2_IRQHandler                        0x0800225c   Section        0  timer.o(i.TIM2_IRQHandler)
    i.TIM_ARRPreloadConfig                   0x08002328   Section        0  stm32f10x_tim.o(i.TIM_ARRPreloadConfig)
    i.TIM_BDTRConfig                         0x08002340   Section        0  stm32f10x_tim.o(i.TIM_BDTRConfig)
    i.TIM_BDTRStructInit                     0x08002360   Section        0  stm32f10x_tim.o(i.TIM_BDTRStructInit)
    i.TIM_ClearFlag                          0x08002372   Section        0  stm32f10x_tim.o(i.TIM_ClearFlag)
    i.TIM_ClearITPendingBit                  0x08002378   Section        0  stm32f10x_tim.o(i.TIM_ClearITPendingBit)
    i.TIM_Cmd                                0x0800237e   Section        0  stm32f10x_tim.o(i.TIM_Cmd)
    i.TIM_CtrlPWMOutputs                     0x08002396   Section        0  stm32f10x_tim.o(i.TIM_CtrlPWMOutputs)
    i.TIM_GetITStatus                        0x080023b4   Section        0  stm32f10x_tim.o(i.TIM_GetITStatus)
    i.TIM_ITConfig                           0x080023d6   Section        0  stm32f10x_tim.o(i.TIM_ITConfig)
    i.TIM_InternalClockConfig                0x080023e8   Section        0  stm32f10x_tim.o(i.TIM_InternalClockConfig)
    i.TIM_OC1Init                            0x080023f4   Section        0  stm32f10x_tim.o(i.TIM_OC1Init)
    i.TIM_OC1PreloadConfig                   0x0800248c   Section        0  stm32f10x_tim.o(i.TIM_OC1PreloadConfig)
    i.TIM_OC2Init                            0x080024a0   Section        0  stm32f10x_tim.o(i.TIM_OC2Init)
    i.TIM_OC2PreloadConfig                   0x08002544   Section        0  stm32f10x_tim.o(i.TIM_OC2PreloadConfig)
    i.TIM_OC3Init                            0x08002560   Section        0  stm32f10x_tim.o(i.TIM_OC3Init)
    i.TIM_OC3PreloadConfig                   0x08002600   Section        0  stm32f10x_tim.o(i.TIM_OC3PreloadConfig)
    i.TIM_OC4Init                            0x08002614   Section        0  stm32f10x_tim.o(i.TIM_OC4Init)
    i.TIM_OC4PreloadConfig                   0x08002690   Section        0  stm32f10x_tim.o(i.TIM_OC4PreloadConfig)
    i.TIM_OCStructInit                       0x080026aa   Section        0  stm32f10x_tim.o(i.TIM_OCStructInit)
    i.TIM_SetCompare1                        0x080026be   Section        0  stm32f10x_tim.o(i.TIM_SetCompare1)
    i.TIM_SetCompare2                        0x080026c2   Section        0  stm32f10x_tim.o(i.TIM_SetCompare2)
    i.TIM_SetCompare3                        0x080026c6   Section        0  stm32f10x_tim.o(i.TIM_SetCompare3)
    i.TIM_SetCompare4                        0x080026ca   Section        0  stm32f10x_tim.o(i.TIM_SetCompare4)
    i.TIM_TimeBaseInit                       0x080026d0   Section        0  stm32f10x_tim.o(i.TIM_TimeBaseInit)
    i.TM1637_ClearDisplay                    0x08002774   Section        0  tm1637.o(i.TM1637_ClearDisplay)
    i.TM1637_DisplayNumber                   0x080027ac   Section        0  tm1637.o(i.TM1637_DisplayNumber)
    i.TM1637_Init                            0x08002868   Section        0  tm1637.o(i.TM1637_Init)
    i.TM1637_SetBrightness                   0x08002888   Section        0  tm1637.o(i.TM1637_SetBrightness)
    i.TM1637_Start                           0x080028a4   Section        0  tm1637.o(i.TM1637_Start)
    TM1637_Start                             0x080028a5   Thumb Code    54  tm1637.o(i.TM1637_Start)
    i.TM1637_Stop                            0x080028e0   Section        0  tm1637.o(i.TM1637_Stop)
    TM1637_Stop                              0x080028e1   Thumb Code    54  tm1637.o(i.TM1637_Stop)
    i.TM1637_WriteByte                       0x0800291c   Section        0  tm1637.o(i.TM1637_WriteByte)
    TM1637_WriteByte                         0x0800291d   Thumb Code   144  tm1637.o(i.TM1637_WriteByte)
    i.Timer_Init                             0x080029b0   Section        0  timer.o(i.Timer_Init)
    i.Two_Gray_FourDrive_PD_Patrol           0x08002a2c   Section        0  two_gray_line_following.o(i.Two_Gray_FourDrive_PD_Patrol)
    i.Two_gray_sensor_IO_Init                0x08002bac   Section        0  two_gray_sensor.o(i.Two_gray_sensor_IO_Init)
    Two_gray_sensor_IO_Init                  0x08002bad   Thumb Code    30  two_gray_sensor.o(i.Two_gray_sensor_IO_Init)
    i.Two_gray_sensor_Init                   0x08002bd0   Section        0  two_gray_sensor.o(i.Two_gray_sensor_Init)
    i.USART1_CONTROL                         0x08002bd8   Section        0  serial.o(i.USART1_CONTROL)
    i.USART1_IRQHandler                      0x08002d10   Section        0  serial.o(i.USART1_IRQHandler)
    i.USART2_IRQHandler                      0x08002d3c   Section        0  serial.o(i.USART2_IRQHandler)
    i.USART_ClearFlag                        0x08002d60   Section        0  stm32f10x_usart.o(i.USART_ClearFlag)
    i.USART_ClearITPendingBit                0x08002d72   Section        0  stm32f10x_usart.o(i.USART_ClearITPendingBit)
    i.USART_Cmd                              0x08002d90   Section        0  stm32f10x_usart.o(i.USART_Cmd)
    i.USART_GetFlagStatus                    0x08002da8   Section        0  stm32f10x_usart.o(i.USART_GetFlagStatus)
    i.USART_GetITStatus                      0x08002dc2   Section        0  stm32f10x_usart.o(i.USART_GetITStatus)
    i.USART_ITConfig                         0x08002e16   Section        0  stm32f10x_usart.o(i.USART_ITConfig)
    i.USART_Init                             0x08002e60   Section        0  stm32f10x_usart.o(i.USART_Init)
    i.USART_ReceiveData                      0x08002f38   Section        0  stm32f10x_usart.o(i.USART_ReceiveData)
    i.USART_SendData                         0x08002f42   Section        0  stm32f10x_usart.o(i.USART_SendData)
    i.UsageFault_Handler                     0x08002f4a   Section        0  stm32f10x_it.o(i.UsageFault_Handler)
    i.__0printf                              0x08002f50   Section        0  printfa.o(i.__0printf)
    i.__scatterload_copy                     0x08002f70   Section       14  handlers.o(i.__scatterload_copy)
    i.__scatterload_null                     0x08002f7e   Section        2  handlers.o(i.__scatterload_null)
    i.__scatterload_zeroinit                 0x08002f80   Section       14  handlers.o(i.__scatterload_zeroinit)
    i._fp_digits                             0x08002f90   Section        0  printfa.o(i._fp_digits)
    _fp_digits                               0x08002f91   Thumb Code   334  printfa.o(i._fp_digits)
    i._printf_core                           0x080030f4   Section        0  printfa.o(i._printf_core)
    _printf_core                             0x080030f5   Thumb Code  1744  printfa.o(i._printf_core)
    i._printf_post_padding                   0x080037d0   Section        0  printfa.o(i._printf_post_padding)
    _printf_post_padding                     0x080037d1   Thumb Code    36  printfa.o(i._printf_post_padding)
    i._printf_pre_padding                    0x080037f4   Section        0  printfa.o(i._printf_pre_padding)
    _printf_pre_padding                      0x080037f5   Thumb Code    46  printfa.o(i._printf_pre_padding)
    i.dataInit                               0x08003822   Section        0  gir_distance.o(i.dataInit)
    dataInit                                 0x08003823   Thumb Code    96  gir_distance.o(i.dataInit)
    i.fputc                                  0x08003882   Section        0  serial.o(i.fputc)
    i.getDistance                            0x08003894   Section        0  gir_distance.o(i.getDistance)
    i.highPrecisionEnable                    0x08003998   Section        0  gir_distance.o(i.highPrecisionEnable)
    highPrecisionEnable                      0x08003999   Thumb Code    14  gir_distance.o(i.highPrecisionEnable)
    i.i2c_read_byte                          0x080039a6   Section        0  gir_distance.o(i.i2c_read_byte)
    i2c_read_byte                            0x080039a7   Thumb Code    72  gir_distance.o(i.i2c_read_byte)
    i.i2c_start                              0x080039ee   Section        0  gir_distance.o(i.i2c_start)
    i2c_start                                0x080039ef   Thumb Code    24  gir_distance.o(i.i2c_start)
    i.i2c_stop                               0x08003a06   Section        0  gir_distance.o(i.i2c_stop)
    i2c_stop                                 0x08003a07   Thumb Code    30  gir_distance.o(i.i2c_stop)
    i.i2c_write_byte                         0x08003a24   Section        0  gir_distance.o(i.i2c_write_byte)
    i2c_write_byte                           0x08003a25   Thumb Code    70  gir_distance.o(i.i2c_write_byte)
    i.main                                   0x08003a6c   Section        0  main.o(i.main)
    i.readByteData                           0x08003b50   Section        0  gir_distance.o(i.readByteData)
    readByteData                             0x08003b51   Thumb Code    62  gir_distance.o(i.readByteData)
    i.readData                               0x08003b94   Section        0  gir_distance.o(i.readData)
    readData                                 0x08003b95   Thumb Code    88  gir_distance.o(i.readData)
    i.readGIr_distance_sensor                0x08003bf0   Section        0  gir_distance.o(i.readGIr_distance_sensor)
    readGIr_distance_sensor                  0x08003bf1   Thumb Code    66  gir_distance.o(i.readGIr_distance_sensor)
    i.scl_high                               0x08003c38   Section        0  gir_distance.o(i.scl_high)
    scl_high                                 0x08003c39   Thumb Code    18  gir_distance.o(i.scl_high)
    i.scl_low                                0x08003c50   Section        0  gir_distance.o(i.scl_low)
    scl_low                                  0x08003c51   Thumb Code    18  gir_distance.o(i.scl_low)
    i.sda_high                               0x08003c68   Section        0  gir_distance.o(i.sda_high)
    sda_high                                 0x08003c69   Thumb Code    18  gir_distance.o(i.sda_high)
    i.sda_low                                0x08003c80   Section        0  gir_distance.o(i.sda_low)
    sda_low                                  0x08003c81   Thumb Code    18  gir_distance.o(i.sda_low)
    i.sda_read                               0x08003c98   Section        0  gir_distance.o(i.sda_read)
    sda_read                                 0x08003c99   Thumb Code    12  gir_distance.o(i.sda_read)
    i.setDeviceAddress                       0x08003ca8   Section        0  gir_distance.o(i.setDeviceAddress)
    setDeviceAddress                         0x08003ca9   Thumb Code    22  gir_distance.o(i.setDeviceAddress)
    i.start                                  0x08003cc4   Section        0  gir_distance.o(i.start)
    start                                    0x08003cc5   Thumb Code   138  gir_distance.o(i.start)
    i.writeByteData                          0x08003d78   Section        0  gir_distance.o(i.writeByteData)
    writeByteData                            0x08003d79   Thumb Code    40  gir_distance.o(i.writeByteData)
    .constdata                               0x08003da4   Section       18  tm1637.o(.constdata)
    .data                                    0x20000000   Section       20  system_stm32f10x.o(.data)
    .data                                    0x20000014   Section       20  stm32f10x_rcc.o(.data)
    APBAHBPrescTable                         0x20000014   Data          16  stm32f10x_rcc.o(.data)
    ADCPrescTable                            0x20000024   Data           4  stm32f10x_rcc.o(.data)
    .data                                    0x20000028   Section        8  delay.o(.data)
    .data                                    0x20000030   Section       20  timer.o(.data)
    both_confirm_count                       0x20000038   Data           4  timer.o(.data)
    left_only_count                          0x2000003c   Data           4  timer.o(.data)
    right_only_count                         0x20000040   Data           4  timer.o(.data)
    .data                                    0x20000044   Section       10  serial.o(.data)
    cnt                                      0x2000004a   Data           2  serial.o(.data)
    sum                                      0x2000004c   Data           1  serial.o(.data)
    checksum                                 0x2000004d   Data           1  serial.o(.data)
    .data                                    0x2000004e   Section        6  two_gray_sensor.o(.data)
    .data                                    0x20000054   Section       20  two_gray_line_following.o(.data)
    last_error                               0x20000054   Data           4  two_gray_line_following.o(.data)
    error                                    0x20000058   Data           4  two_gray_line_following.o(.data)
    output                                   0x2000005c   Data           4  two_gray_line_following.o(.data)
    right_threshold                          0x20000060   Data           2  two_gray_line_following.o(.data)
    left_threshold                           0x20000062   Data           2  two_gray_line_following.o(.data)
    right_threshold                          0x20000064   Data           2  two_gray_line_following.o(.data)
    left_threshold                           0x20000066   Data           2  two_gray_line_following.o(.data)
    .data                                    0x20000068   Section        2  dht11.o(.data)
    .data                                    0x2000006a   Section        2  gir_distance.o(.data)
    _distance                                0x2000006a   Data           2  gir_distance.o(.data)
    .data                                    0x2000006c   Section       10  camera_protocol.o(.data)
    rxHead                                   0x2000006c   Data           2  camera_protocol.o(.data)
    rxTail                                   0x2000006e   Data           2  camera_protocol.o(.data)
    rxFrameIdx                               0x20000070   Data           1  camera_protocol.o(.data)
    frameReady                               0x20000071   Data           1  camera_protocol.o(.data)
    frameLen                                 0x20000072   Data           2  camera_protocol.o(.data)
    state                                    0x20000074   Data           1  camera_protocol.o(.data)
    payloadCnt                               0x20000075   Data           1  camera_protocol.o(.data)
    .data                                    0x20000076   Section       46  main.o(.data)
    disp_channel                             0x200000a2   Data           1  main.o(.data)
    disp_sec_count                           0x200000a3   Data           1  main.o(.data)
    .data                                    0x200000a4   Section        4  stdout.o(.data)
    .bss                                     0x200000a8   Section      392  serial.o(.bss)
    .bss                                     0x20000230   Section       16  encoder.o(.bss)
    .bss                                     0x20000240   Section       28  gir_distance.o(.bss)
    _detailedData                            0x20000240   Data          28  gir_distance.o(.bss)
    .bss                                     0x2000025c   Section      160  camera_protocol.o(.bss)
    rxBuf                                    0x2000025c   Data         128  camera_protocol.o(.bss)
    rxFrame                                  0x200002dc   Data          32  camera_protocol.o(.bss)
    STACK                                    0x20000300   Section     1024  startup_stm32f10x_md.o(STACK)

    Global Symbols

    Symbol Name                              Value     Ov Type        Size  Object(Section)

    BuildAttributes$$THM_ISAv4$P$D$K$B$S$PE$A:L22UL41UL21$X:L11$S22US41US21$IEEE1$IW$USESV6$~STKCKD$USESV7$~SHL$OTIME$ROPI$EBA8$MICROLIB$REQ8$PRES8$EABIv2 0x00000000   Number         0  anon$$obj.o ABSOLUTE
    __ARM_use_no_argv                        0x00000000   Number         0  main.o ABSOLUTE
    _printf_a                                0x00000000   Number         0  stubs.o ABSOLUTE
    _printf_c                                0x00000000   Number         0  stubs.o ABSOLUTE
    _printf_charcount                        0x00000000   Number         0  stubs.o ABSOLUTE
    _printf_d                                0x00000000   Number         0  stubs.o ABSOLUTE
    _printf_e                                0x00000000   Number         0  stubs.o ABSOLUTE
    _printf_f                                0x00000000   Number         0  stubs.o ABSOLUTE
    _printf_flags                            0x00000000   Number         0  stubs.o ABSOLUTE
    _printf_fp_dec                           0x00000000   Number         0  stubs.o ABSOLUTE
    _printf_fp_hex                           0x00000000   Number         0  stubs.o ABSOLUTE
    _printf_g                                0x00000000   Number         0  stubs.o ABSOLUTE
    _printf_i                                0x00000000   Number         0  stubs.o ABSOLUTE
    _printf_int_dec                          0x00000000   Number         0  stubs.o ABSOLUTE
    _printf_l                                0x00000000   Number         0  stubs.o ABSOLUTE
    _printf_lc                               0x00000000   Number         0  stubs.o ABSOLUTE
    _printf_ll                               0x00000000   Number         0  stubs.o ABSOLUTE
    _printf_lld                              0x00000000   Number         0  stubs.o ABSOLUTE
    _printf_lli                              0x00000000   Number         0  stubs.o ABSOLUTE
    _printf_llo                              0x00000000   Number         0  stubs.o ABSOLUTE
    _printf_llu                              0x00000000   Number         0  stubs.o ABSOLUTE
    _printf_llx                              0x00000000   Number         0  stubs.o ABSOLUTE
    _printf_longlong_dec                     0x00000000   Number         0  stubs.o ABSOLUTE
    _printf_longlong_hex                     0x00000000   Number         0  stubs.o ABSOLUTE
    _printf_longlong_oct                     0x00000000   Number         0  stubs.o ABSOLUTE
    _printf_ls                               0x00000000   Number         0  stubs.o ABSOLUTE
    _printf_mbtowc                           0x00000000   Number         0  stubs.o ABSOLUTE
    _printf_n                                0x00000000   Number         0  stubs.o ABSOLUTE
    _printf_o                                0x00000000   Number         0  stubs.o ABSOLUTE
    _printf_p                                0x00000000   Number         0  stubs.o ABSOLUTE
    _printf_percent                          0x00000000   Number         0  stubs.o ABSOLUTE
    _printf_pre_padding                      0x00000000   Number         0  stubs.o ABSOLUTE
    _printf_return_value                     0x00000000   Number         0  stubs.o ABSOLUTE
    _printf_s                                0x00000000   Number         0  stubs.o ABSOLUTE
    _printf_sizespec                         0x00000000   Number         0  stubs.o ABSOLUTE
    _printf_str                              0x00000000   Number         0  stubs.o ABSOLUTE
    _printf_truncate_signed                  0x00000000   Number         0  stubs.o ABSOLUTE
    _printf_truncate_unsigned                0x00000000   Number         0  stubs.o ABSOLUTE
    _printf_u                                0x00000000   Number         0  stubs.o ABSOLUTE
    _printf_wc                               0x00000000   Number         0  stubs.o ABSOLUTE
    _printf_wctomb                           0x00000000   Number         0  stubs.o ABSOLUTE
    _printf_widthprec                        0x00000000   Number         0  stubs.o ABSOLUTE
    _printf_x                                0x00000000   Number         0  stubs.o ABSOLUTE
    __cpp_initialize__aeabi_                  - Undefined Weak Reference
    __cxa_finalize                            - Undefined Weak Reference
    __decompress                              - Undefined Weak Reference
    _clock_init                               - Undefined Weak Reference
    _microlib_exit                            - Undefined Weak Reference
    __Vectors_Size                           0x000000ec   Number         0  startup_stm32f10x_md.o ABSOLUTE
    __Vectors                                0x08000000   Data           4  startup_stm32f10x_md.o(RESET)
    __Vectors_End                            0x080000ec   Data           0  startup_stm32f10x_md.o(RESET)
    __main                                   0x080000ed   Thumb Code     0  entry.o(.ARM.Collect$$$$00000000)
    _main_stk                                0x080000ed   Thumb Code     0  entry2.o(.ARM.Collect$$$$00000001)
    _main_scatterload                        0x080000f1   Thumb Code     0  entry5.o(.ARM.Collect$$$$00000004)
    __main_after_scatterload                 0x080000f5   Thumb Code     0  entry5.o(.ARM.Collect$$$$00000004)
    _main_clock                              0x080000f5   Thumb Code     0  entry7b.o(.ARM.Collect$$$$00000008)
    _main_cpp_init                           0x080000f5   Thumb Code     0  entry8b.o(.ARM.Collect$$$$0000000A)
    _main_init                               0x080000f5   Thumb Code     0  entry9a.o(.ARM.Collect$$$$0000000B)
    __rt_final_cpp                           0x080000fd   Thumb Code     0  entry10a.o(.ARM.Collect$$$$0000000D)
    __rt_final_exit                          0x080000fd   Thumb Code     0  entry11a.o(.ARM.Collect$$$$0000000F)
    Reset_Handler                            0x08000101   Thumb Code     8  startup_stm32f10x_md.o(.text)
    ADC1_2_IRQHandler                        0x0800011b   Thumb Code     0  startup_stm32f10x_md.o(.text)
    CAN1_RX1_IRQHandler                      0x0800011b   Thumb Code     0  startup_stm32f10x_md.o(.text)
    CAN1_SCE_IRQHandler                      0x0800011b   Thumb Code     0  startup_stm32f10x_md.o(.text)
    DMA1_Channel1_IRQHandler                 0x0800011b   Thumb Code     0  startup_stm32f10x_md.o(.text)
    DMA1_Channel2_IRQHandler                 0x0800011b   Thumb Code     0  startup_stm32f10x_md.o(.text)
    DMA1_Channel3_IRQHandler                 0x0800011b   Thumb Code     0  startup_stm32f10x_md.o(.text)
    DMA1_Channel4_IRQHandler                 0x0800011b   Thumb Code     0  startup_stm32f10x_md.o(.text)
    DMA1_Channel5_IRQHandler                 0x0800011b   Thumb Code     0  startup_stm32f10x_md.o(.text)
    DMA1_Channel6_IRQHandler                 0x0800011b   Thumb Code     0  startup_stm32f10x_md.o(.text)
    DMA1_Channel7_IRQHandler                 0x0800011b   Thumb Code     0  startup_stm32f10x_md.o(.text)
    EXTI0_IRQHandler                         0x0800011b   Thumb Code     0  startup_stm32f10x_md.o(.text)
    EXTI3_IRQHandler                         0x0800011b   Thumb Code     0  startup_stm32f10x_md.o(.text)
    EXTI4_IRQHandler                         0x0800011b   Thumb Code     0  startup_stm32f10x_md.o(.text)
    FLASH_IRQHandler                         0x0800011b   Thumb Code     0  startup_stm32f10x_md.o(.text)
    I2C1_ER_IRQHandler                       0x0800011b   Thumb Code     0  startup_stm32f10x_md.o(.text)
    I2C1_EV_IRQHandler                       0x0800011b   Thumb Code     0  startup_stm32f10x_md.o(.text)
    I2C2_ER_IRQHandler                       0x0800011b   Thumb Code     0  startup_stm32f10x_md.o(.text)
    I2C2_EV_IRQHandler                       0x0800011b   Thumb Code     0  startup_stm32f10x_md.o(.text)
    PVD_IRQHandler                           0x0800011b   Thumb Code     0  startup_stm32f10x_md.o(.text)
    RCC_IRQHandler                           0x0800011b   Thumb Code     0  startup_stm32f10x_md.o(.text)
    RTCAlarm_IRQHandler                      0x0800011b   Thumb Code     0  startup_stm32f10x_md.o(.text)
    RTC_IRQHandler                           0x0800011b   Thumb Code     0  startup_stm32f10x_md.o(.text)
    SPI1_IRQHandler                          0x0800011b   Thumb Code     0  startup_stm32f10x_md.o(.text)
    SPI2_IRQHandler                          0x0800011b   Thumb Code     0  startup_stm32f10x_md.o(.text)
    TAMPER_IRQHandler                        0x0800011b   Thumb Code     0  startup_stm32f10x_md.o(.text)
    TIM1_BRK_IRQHandler                      0x0800011b   Thumb Code     0  startup_stm32f10x_md.o(.text)
    TIM1_CC_IRQHandler                       0x0800011b   Thumb Code     0  startup_stm32f10x_md.o(.text)
    TIM1_TRG_COM_IRQHandler                  0x0800011b   Thumb Code     0  startup_stm32f10x_md.o(.text)
    TIM1_UP_IRQHandler                       0x0800011b   Thumb Code     0  startup_stm32f10x_md.o(.text)
    TIM3_IRQHandler                          0x0800011b   Thumb Code     0  startup_stm32f10x_md.o(.text)
    TIM4_IRQHandler                          0x0800011b   Thumb Code     0  startup_stm32f10x_md.o(.text)
    USART3_IRQHandler                        0x0800011b   Thumb Code     0  startup_stm32f10x_md.o(.text)
    USBWakeUp_IRQHandler                     0x0800011b   Thumb Code     0  startup_stm32f10x_md.o(.text)
    USB_HP_CAN1_TX_IRQHandler                0x0800011b   Thumb Code     0  startup_stm32f10x_md.o(.text)
    USB_LP_CAN1_RX0_IRQHandler               0x0800011b   Thumb Code     0  startup_stm32f10x_md.o(.text)
    WWDG_IRQHandler                          0x0800011b   Thumb Code     0  startup_stm32f10x_md.o(.text)
    __aeabi_fadd                             0x08000125   Thumb Code   164  fadd.o(.text)
    __aeabi_fsub                             0x080001c9   Thumb Code     6  fadd.o(.text)
    __aeabi_frsub                            0x080001cf   Thumb Code     6  fadd.o(.text)
    __aeabi_fmul                             0x080001d5   Thumb Code   100  fmul.o(.text)
    __aeabi_fdiv                             0x08000239   Thumb Code   124  fdiv.o(.text)
    __aeabi_dadd                             0x080002b5   Thumb Code   322  dadd.o(.text)
    __aeabi_dsub                             0x080003f7   Thumb Code     6  dadd.o(.text)
    __aeabi_drsub                            0x080003fd   Thumb Code     6  dadd.o(.text)
    __aeabi_ddiv                             0x08000403   Thumb Code   222  ddiv.o(.text)
    __aeabi_i2f                              0x080004e1   Thumb Code    18  fflti.o(.text)
    __aeabi_ui2f                             0x080004f3   Thumb Code    10  ffltui.o(.text)
    __aeabi_ui2d                             0x080004fd   Thumb Code    26  dfltui.o(.text)
    __aeabi_f2iz                             0x08000517   Thumb Code    50  ffixi.o(.text)
    __aeabi_f2uiz                            0x08000549   Thumb Code    40  ffixui.o(.text)
    __aeabi_d2uiz                            0x08000571   Thumb Code    50  dfixui.o(.text)
    __aeabi_f2d                              0x080005a3   Thumb Code    38  f2d.o(.text)
    __aeabi_cdcmpeq                          0x080005c9   Thumb Code     0  cdcmple.o(.text)
    __aeabi_cdcmple                          0x080005c9   Thumb Code    48  cdcmple.o(.text)
    __aeabi_d2f                              0x080005f9   Thumb Code    56  d2f.o(.text)
    __aeabi_cfcmpeq                          0x08000631   Thumb Code     0  cfcmple.o(.text)
    __aeabi_cfcmple                          0x08000631   Thumb Code    20  cfcmple.o(.text)
    __aeabi_cfrcmple                         0x08000645   Thumb Code    20  cfrcmple.o(.text)
    __aeabi_uidiv                            0x08000659   Thumb Code     0  uidiv.o(.text)
    __aeabi_uidivmod                         0x08000659   Thumb Code    44  uidiv.o(.text)
    __aeabi_uldivmod                         0x08000685   Thumb Code    98  uldiv.o(.text)
    __aeabi_llsl                             0x080006e7   Thumb Code    30  llshl.o(.text)
    _ll_shift_l                              0x080006e7   Thumb Code     0  llshl.o(.text)
    __aeabi_llsr                             0x08000705   Thumb Code    32  llushr.o(.text)
    _ll_ushift_r                             0x08000705   Thumb Code     0  llushr.o(.text)
    __aeabi_lasr                             0x08000725   Thumb Code    36  llsshr.o(.text)
    _ll_sshift_r                             0x08000725   Thumb Code     0  llsshr.o(.text)
    __I$use$fp                               0x08000749   Thumb Code     0  iusefp.o(.text)
    _float_round                             0x08000749   Thumb Code    18  fepilogue.o(.text)
    _float_epilogue                          0x0800075b   Thumb Code    92  fepilogue.o(.text)
    _double_round                            0x080007b7   Thumb Code    30  depilogue.o(.text)
    _double_epilogue                         0x080007d5   Thumb Code   156  depilogue.o(.text)
    __aeabi_dmul                             0x08000871   Thumb Code   228  dmul.o(.text)
    __aeabi_d2ulz                            0x08000955   Thumb Code    48  dfixul.o(.text)
    __aeabi_cdrcmple                         0x08000985   Thumb Code    48  cdrcmple.o(.text)
    __scatterload                            0x080009b5   Thumb Code    28  init.o(.text)
    __scatterload_rt2                        0x080009b5   Thumb Code     0  init.o(.text)
    ADC_Cmd                                  0x080009d9   Thumb Code    22  stm32f10x_adc.o(i.ADC_Cmd)
    ADC_DMACmd                               0x080009ef   Thumb Code    22  stm32f10x_adc.o(i.ADC_DMACmd)
    ADC_GetCalibrationStatus                 0x08000a05   Thumb Code    20  stm32f10x_adc.o(i.ADC_GetCalibrationStatus)
    ADC_GetResetCalibrationStatus            0x08000a19   Thumb Code    20  stm32f10x_adc.o(i.ADC_GetResetCalibrationStatus)
    ADC_Init                                 0x08000a2d   Thumb Code    70  stm32f10x_adc.o(i.ADC_Init)
    ADC_RegularChannelConfig                 0x08000a7d   Thumb Code   184  stm32f10x_adc.o(i.ADC_RegularChannelConfig)
    ADC_ResetCalibration                     0x08000b35   Thumb Code    10  stm32f10x_adc.o(i.ADC_ResetCalibration)
    ADC_SoftwareStartConvCmd                 0x08000b3f   Thumb Code    22  stm32f10x_adc.o(i.ADC_SoftwareStartConvCmd)
    ADC_StartCalibration                     0x08000b55   Thumb Code    10  stm32f10x_adc.o(i.ADC_StartCalibration)
    BusFault_Handler                         0x08000c65   Thumb Code     4  stm32f10x_it.o(i.BusFault_Handler)
    Camera_IRQHandler                        0x08000c69   Thumb Code    52  camera_protocol.o(i.Camera_IRQHandler)
    Camera_Init                              0x08000cad   Thumb Code    26  camera_protocol.o(i.Camera_Init)
    Car_Move_Backward                        0x08000cd9   Thumb Code    26  motor.o(i.Car_Move_Backward)
    Car_Stop                                 0x08000cf3   Thumb Code    16  motor.o(i.Car_Stop)
    Car_Turn_Left                            0x08000d03   Thumb Code    22  motor.o(i.Car_Turn_Left)
    Car_Turn_Right                           0x08000d19   Thumb Code    22  motor.o(i.Car_Turn_Right)
    DHT11_IO_INPUT_Init                      0x08000d31   Thumb Code    30  dht11.o(i.DHT11_IO_INPUT_Init)
    DHT11_IO_OUTPUT_Init                     0x08000d55   Thumb Code    30  dht11.o(i.DHT11_IO_OUTPUT_Init)
    DHT11_Read_Byte                          0x08000d79   Thumb Code   112  dht11.o(i.DHT11_Read_Byte)
    DHT11_Start                              0x08000ded   Thumb Code   158  dht11.o(i.DHT11_Start)
    DHT_Read                                 0x08000e91   Thumb Code    80  dht11.o(i.DHT_Read)
    DMA_Cmd                                  0x08000ee9   Thumb Code    24  stm32f10x_dma.o(i.DMA_Cmd)
    DMA_Init                                 0x08000f01   Thumb Code    60  stm32f10x_dma.o(i.DMA_Init)
    DebugMon_Handler                         0x08000f3d   Thumb Code     2  stm32f10x_it.o(i.DebugMon_Handler)
    Delay_ms                                 0x08000f3f   Thumb Code    24  delay.o(i.Delay_ms)
    Delay_us                                 0x08000f57   Thumb Code    46  delay.o(i.Delay_us)
    Digital_Init                             0x08000f85   Thumb Code    38  digital.o(i.Digital_Init)
    Display_Sensor_Update                    0x08000fb1   Thumb Code   178  main.o(i.Display_Sensor_Update)
    Distance_IO_Init                         0x0800107d   Thumb Code    38  gir_distance.o(i.Distance_IO_Init)
    Distance_SDA_SetInput                    0x080010a9   Thumb Code    24  gir_distance.o(i.Distance_SDA_SetInput)
    Distance_SDA_SetOutput                   0x080010c5   Thumb Code    30  gir_distance.o(i.Distance_SDA_SetOutput)
    EXTI15_10_IRQHandler                     0x080010e9   Thumb Code   106  encoder.o(i.EXTI15_10_IRQHandler)
    EXTI1_IRQHandler                         0x0800115d   Thumb Code   100  encoder.o(i.EXTI1_IRQHandler)
    EXTI2_IRQHandler                         0x080011c9   Thumb Code    98  encoder.o(i.EXTI2_IRQHandler)
    EXTI9_5_IRQHandler                       0x08001239   Thumb Code    98  encoder.o(i.EXTI9_5_IRQHandler)
    EXTI_ClearITPendingBit                   0x080012a9   Thumb Code     6  stm32f10x_exti.o(i.EXTI_ClearITPendingBit)
    EXTI_GetITStatus                         0x080012b5   Thumb Code    34  stm32f10x_exti.o(i.EXTI_GetITStatus)
    Execute_Left_Turn                        0x080012dd   Thumb Code   112  two_gray_line_following.o(i.Execute_Left_Turn)
    Execute_Right_Turn                       0x0800135d   Thumb Code    98  two_gray_line_following.o(i.Execute_Right_Turn)
    GPIO_Init                                0x080013d1   Thumb Code   278  stm32f10x_gpio.o(i.GPIO_Init)
    GPIO_PinRemapConfig                      0x080014e9   Thumb Code   138  stm32f10x_gpio.o(i.GPIO_PinRemapConfig)
    GPIO_ReadInputDataBit                    0x08001579   Thumb Code    18  stm32f10x_gpio.o(i.GPIO_ReadInputDataBit)
    GPIO_ResetBits                           0x0800158b   Thumb Code     4  stm32f10x_gpio.o(i.GPIO_ResetBits)
    GPIO_SetBits                             0x0800158f   Thumb Code     4  stm32f10x_gpio.o(i.GPIO_SetBits)
    Gir_distance_sensor_init                 0x08001595   Thumb Code    72  gir_distance.o(i.Gir_distance_sensor_init)
    Gir_setMode                              0x08001609   Thumb Code    38  gir_distance.o(i.Gir_setMode)
    HardFault_Handler                        0x08001635   Thumb Code     4  stm32f10x_it.o(i.HardFault_Handler)
    Line_Following_With_Turns                0x08001639   Thumb Code   104  two_gray_line_following.o(i.Line_Following_With_Turns)
    MemManage_Handler                        0x080016a9   Thumb Code     4  stm32f10x_it.o(i.MemManage_Handler)
    Motor_SetSpeed                           0x08001999   Thumb Code   224  motor.o(i.Motor_SetSpeed)
    NMI_Handler                              0x08001a8d   Thumb Code     2  stm32f10x_it.o(i.NMI_Handler)
    NVIC_Init                                0x08001a91   Thumb Code   100  misc.o(i.NVIC_Init)
    NVIC_PriorityGroupConfig                 0x08001b01   Thumb Code    10  misc.o(i.NVIC_PriorityGroupConfig)
    PWM_Motors_Init                          0x08001b15   Thumb Code    12  motor.o(i.PWM_Motors_Init)
    PendSV_Handler                           0x08001b21   Thumb Code     2  stm32f10x_it.o(i.PendSV_Handler)
    RCC_AHBPeriphClockCmd                    0x08001b25   Thumb Code    26  stm32f10x_rcc.o(i.RCC_AHBPeriphClockCmd)
    RCC_APB1PeriphClockCmd                   0x08001b45   Thumb Code    26  stm32f10x_rcc.o(i.RCC_APB1PeriphClockCmd)
    RCC_APB2PeriphClockCmd                   0x08001b65   Thumb Code    26  stm32f10x_rcc.o(i.RCC_APB2PeriphClockCmd)
    RCC_DeInit                               0x08001b85   Thumb Code    64  stm32f10x_rcc.o(i.RCC_DeInit)
    RCC_GetClocksFreq                        0x08001bd1   Thumb Code   192  stm32f10x_rcc.o(i.RCC_GetClocksFreq)
    RCC_GetFlagStatus                        0x08001ca5   Thumb Code    56  stm32f10x_rcc.o(i.RCC_GetFlagStatus)
    RCC_GetSYSCLKSource                      0x08001ce1   Thumb Code    10  stm32f10x_rcc.o(i.RCC_GetSYSCLKSource)
    RCC_HCLKConfig                           0x08001cf1   Thumb Code    18  stm32f10x_rcc.o(i.RCC_HCLKConfig)
    RCC_HSEConfig                            0x08001d09   Thumb Code    70  stm32f10x_rcc.o(i.RCC_HSEConfig)
    RCC_PCLK1Config                          0x08001d55   Thumb Code    18  stm32f10x_rcc.o(i.RCC_PCLK1Config)
    RCC_PCLK2Config                          0x08001d6d   Thumb Code    20  stm32f10x_rcc.o(i.RCC_PCLK2Config)
    RCC_PLLCmd                               0x08001d85   Thumb Code     6  stm32f10x_rcc.o(i.RCC_PLLCmd)
    RCC_PLLConfig                            0x08001d91   Thumb Code    24  stm32f10x_rcc.o(i.RCC_PLLConfig)
    RCC_SYSCLKConfig                         0x08001dad   Thumb Code    18  stm32f10x_rcc.o(i.RCC_SYSCLKConfig)
    Read_Digital                             0x08001dc5   Thumb Code    26  digital.o(i.Read_Digital)
    S485_IO_Init                             0x08001e01   Thumb Code    90  serial.o(i.S485_IO_Init)
    S485_Init                                0x08001e65   Thumb Code   110  serial.o(i.S485_Init)
    SMG_IO_Init                              0x08001ed9   Thumb Code    38  tm1637.o(i.SMG_IO_Init)
    SVC_Handler                              0x08001f05   Thumb Code     2  stm32f10x_it.o(i.SVC_Handler)
    Serial_Init                              0x08001f09   Thumb Code   174  serial.o(i.Serial_Init)
    Serial_SendByte                          0x08001fc1   Thumb Code    28  serial.o(i.Serial_SendByte)
    Set_All_Wheels                           0x080020c9   Thumb Code    48  motor.o(i.Set_All_Wheels)
    Set_Wheel_Speed                          0x080020f9   Thumb Code    76  motor.o(i.Set_Wheel_Speed)
    SysTick_Handler                          0x08002145   Thumb Code    20  delay.o(i.SysTick_Handler)
    SystemClock_Config                       0x0800215d   Thumb Code   110  encoder.o(i.SystemClock_Config)
    SystemInit                               0x080021d5   Thumb Code    78  system_stm32f10x.o(i.SystemInit)
    Systick_Init                             0x08002235   Thumb Code    34  delay.o(i.Systick_Init)
    TIM2_IRQHandler                          0x0800225d   Thumb Code   170  timer.o(i.TIM2_IRQHandler)
    TIM_ARRPreloadConfig                     0x08002329   Thumb Code    24  stm32f10x_tim.o(i.TIM_ARRPreloadConfig)
    TIM_BDTRConfig                           0x08002341   Thumb Code    32  stm32f10x_tim.o(i.TIM_BDTRConfig)
    TIM_BDTRStructInit                       0x08002361   Thumb Code    18  stm32f10x_tim.o(i.TIM_BDTRStructInit)
    TIM_ClearFlag                            0x08002373   Thumb Code     6  stm32f10x_tim.o(i.TIM_ClearFlag)
    TIM_ClearITPendingBit                    0x08002379   Thumb Code     6  stm32f10x_tim.o(i.TIM_ClearITPendingBit)
    TIM_Cmd                                  0x0800237f   Thumb Code    24  stm32f10x_tim.o(i.TIM_Cmd)
    TIM_CtrlPWMOutputs                       0x08002397   Thumb Code    30  stm32f10x_tim.o(i.TIM_CtrlPWMOutputs)
    TIM_GetITStatus                          0x080023b5   Thumb Code    34  stm32f10x_tim.o(i.TIM_GetITStatus)
    TIM_ITConfig                             0x080023d7   Thumb Code    18  stm32f10x_tim.o(i.TIM_ITConfig)
    TIM_InternalClockConfig                  0x080023e9   Thumb Code    12  stm32f10x_tim.o(i.TIM_InternalClockConfig)
    TIM_OC1Init                              0x080023f5   Thumb Code   132  stm32f10x_tim.o(i.TIM_OC1Init)
    TIM_OC1PreloadConfig                     0x0800248d   Thumb Code    18  stm32f10x_tim.o(i.TIM_OC1PreloadConfig)
    TIM_OC2Init                              0x080024a1   Thumb Code   154  stm32f10x_tim.o(i.TIM_OC2Init)
    TIM_OC2PreloadConfig                     0x08002545   Thumb Code    26  stm32f10x_tim.o(i.TIM_OC2PreloadConfig)
    TIM_OC3Init                              0x08002561   Thumb Code   150  stm32f10x_tim.o(i.TIM_OC3Init)
    TIM_OC3PreloadConfig                     0x08002601   Thumb Code    18  stm32f10x_tim.o(i.TIM_OC3PreloadConfig)
    TIM_OC4Init                              0x08002615   Thumb Code   114  stm32f10x_tim.o(i.TIM_OC4Init)
    TIM_OC4PreloadConfig                     0x08002691   Thumb Code    26  stm32f10x_tim.o(i.TIM_OC4PreloadConfig)
    TIM_OCStructInit                         0x080026ab   Thumb Code    20  stm32f10x_tim.o(i.TIM_OCStructInit)
    TIM_SetCompare1                          0x080026bf   Thumb Code     4  stm32f10x_tim.o(i.TIM_SetCompare1)
    TIM_SetCompare2                          0x080026c3   Thumb Code     4  stm32f10x_tim.o(i.TIM_SetCompare2)
    TIM_SetCompare3                          0x080026c7   Thumb Code     4  stm32f10x_tim.o(i.TIM_SetCompare3)
    TIM_SetCompare4                          0x080026cb   Thumb Code     6  stm32f10x_tim.o(i.TIM_SetCompare4)
    TIM_TimeBaseInit                         0x080026d1   Thumb Code   122  stm32f10x_tim.o(i.TIM_TimeBaseInit)
    TM1637_ClearDisplay                      0x08002775   Thumb Code    56  tm1637.o(i.TM1637_ClearDisplay)
    TM1637_DisplayNumber                     0x080027ad   Thumb Code   182  tm1637.o(i.TM1637_DisplayNumber)
    TM1637_Init                              0x08002869   Thumb Code    28  tm1637.o(i.TM1637_Init)
    TM1637_SetBrightness                     0x08002889   Thumb Code    28  tm1637.o(i.TM1637_SetBrightness)
    Timer_Init                               0x080029b1   Thumb Code   122  timer.o(i.Timer_Init)
    Two_Gray_FourDrive_PD_Patrol             0x08002a2d   Thumb Code   354  two_gray_line_following.o(i.Two_Gray_FourDrive_PD_Patrol)
    Two_gray_sensor_Init                     0x08002bd1   Thumb Code     8  two_gray_sensor.o(i.Two_gray_sensor_Init)
    USART1_CONTROL                           0x08002bd9   Thumb Code   292  serial.o(i.USART1_CONTROL)
    USART1_IRQHandler                        0x08002d11   Thumb Code    40  serial.o(i.USART1_IRQHandler)
    USART2_IRQHandler                        0x08002d3d   Thumb Code    32  serial.o(i.USART2_IRQHandler)
    USART_ClearFlag                          0x08002d61   Thumb Code    18  stm32f10x_usart.o(i.USART_ClearFlag)
    USART_ClearITPendingBit                  0x08002d73   Thumb Code    30  stm32f10x_usart.o(i.USART_ClearITPendingBit)
    USART_Cmd                                0x08002d91   Thumb Code    24  stm32f10x_usart.o(i.USART_Cmd)
    USART_GetFlagStatus                      0x08002da9   Thumb Code    26  stm32f10x_usart.o(i.USART_GetFlagStatus)
    USART_GetITStatus                        0x08002dc3   Thumb Code    84  stm32f10x_usart.o(i.USART_GetITStatus)
    USART_ITConfig                           0x08002e17   Thumb Code    74  stm32f10x_usart.o(i.USART_ITConfig)
    USART_Init                               0x08002e61   Thumb Code   210  stm32f10x_usart.o(i.USART_Init)
    USART_ReceiveData                        0x08002f39   Thumb Code    10  stm32f10x_usart.o(i.USART_ReceiveData)
    USART_SendData                           0x08002f43   Thumb Code     8  stm32f10x_usart.o(i.USART_SendData)
    UsageFault_Handler                       0x08002f4b   Thumb Code     4  stm32f10x_it.o(i.UsageFault_Handler)
    __0printf                                0x08002f51   Thumb Code    22  printfa.o(i.__0printf)
    __1printf                                0x08002f51   Thumb Code     0  printfa.o(i.__0printf)
    __2printf                                0x08002f51   Thumb Code     0  printfa.o(i.__0printf)
    __c89printf                              0x08002f51   Thumb Code     0  printfa.o(i.__0printf)
    printf                                   0x08002f51   Thumb Code     0  printfa.o(i.__0printf)
    __scatterload_copy                       0x08002f71   Thumb Code    14  handlers.o(i.__scatterload_copy)
    __scatterload_null                       0x08002f7f   Thumb Code     2  handlers.o(i.__scatterload_null)
    __scatterload_zeroinit                   0x08002f81   Thumb Code    14  handlers.o(i.__scatterload_zeroinit)
    fputc                                    0x08003883   Thumb Code    16  serial.o(i.fputc)
    getDistance                              0x08003895   Thumb Code   212  gir_distance.o(i.getDistance)
    main                                     0x08003a6d   Thumb Code   204  main.o(i.main)
    TM1637_SEG_TABLE                         0x08003da4   Data          18  tm1637.o(.constdata)
    Region$$Table$$Base                      0x08003db8   Number         0  anon$$obj.o(Region$$Table)
    Region$$Table$$Limit                     0x08003dd8   Number         0  anon$$obj.o(Region$$Table)
    SystemCoreClock                          0x20000000   Data           4  system_stm32f10x.o(.data)
    AHBPrescTable                            0x20000004   Data          16  system_stm32f10x.o(.data)
    sys_tick_counter                         0x20000028   Data           8  delay.o(.data)
    sensor_read                              0x20000030   Data           1  timer.o(.data)
    sensor_read_count                        0x20000032   Data           2  timer.o(.data)
    g_turn_type                              0x20000034   Data           1  timer.o(.data)
    g_turning_in_progress                    0x20000035   Data           1  timer.o(.data)
    USART_RX_STA                             0x20000044   Data           1  serial.o(.data)
    rxHead                                   0x20000045   Data           1  serial.o(.data)
    rxTail                                   0x20000046   Data           1  serial.o(.data)
    rxFrameIdx                               0x20000047   Data           1  serial.o(.data)
    rxFrameReady                             0x20000048   Data           1  serial.o(.data)
    expectedLen                              0x20000049   Data           1  serial.o(.data)
    Analog_data                              0x2000004e   Data           6  two_gray_sensor.o(.data)
    dht11_temp                               0x20000068   Data           1  dht11.o(.data)
    dht11_humi                               0x20000069   Data           1  dht11.o(.data)
    USART_TX_BUF                             0x20000076   Data          27  main.o(.data)
    pwm_duty1                                0x20000092   Data           2  main.o(.data)
    pwm_duty2                                0x20000094   Data           2  main.o(.data)
    pwm_duty3                                0x20000096   Data           2  main.o(.data)
    pwm_duty4                                0x20000098   Data           2  main.o(.data)
    motor_dir1                               0x2000009a   Data           1  main.o(.data)
    motor_dir2                               0x2000009b   Data           1  main.o(.data)
    motor_dir3                               0x2000009c   Data           1  main.o(.data)
    motor_dir4                               0x2000009d   Data           1  main.o(.data)
    Digital_data                             0x2000009e   Data           4  main.o(.data)
    __stdout                                 0x200000a4   Data           4  stdout.o(.data)
    USART_RX_BUF                             0x200000a8   Data         200  serial.o(.bss)
    rxBuffer                                 0x20000170   Data         128  serial.o(.bss)
    rxFrame                                  0x200001f0   Data          64  serial.o(.bss)
    encoder                                  0x20000230   Data          16  encoder.o(.bss)
    __initial_sp                             0x20000700   Data           0  startup_stm32f10x_md.o(STACK)



==============================================================================

Memory Map of the image

  Image Entry point : 0x080000ed

  Load Region LR_IROM1 (Base: 0x08000000, Size: 0x00003e80, Max: 0x00040000, ABSOLUTE)

    Execution Region ER_IROM1 (Exec base: 0x08000000, Load base: 0x08000000, Size: 0x00003dd8, Max: 0x00040000, ABSOLUTE)

    Exec Addr    Load Addr    Size         Type   Attr      Idx    E Section Name        Object

    0x08000000   0x08000000   0x000000ec   Data   RO            3    RESET               startup_stm32f10x_md.o
    0x080000ec   0x080000ec   0x00000000   Code   RO         4584  * .ARM.Collect$$$$00000000  mc_w.l(entry.o)
    0x080000ec   0x080000ec   0x00000004   Code   RO         4886    .ARM.Collect$$$$00000001  mc_w.l(entry2.o)
    0x080000f0   0x080000f0   0x00000004   Code   RO         4889    .ARM.Collect$$$$00000004  mc_w.l(entry5.o)
    0x080000f4   0x080000f4   0x00000000   Code   RO         4891    .ARM.Collect$$$$00000008  mc_w.l(entry7b.o)
    0x080000f4   0x080000f4   0x00000000   Code   RO         4893    .ARM.Collect$$$$0000000A  mc_w.l(entry8b.o)
    0x080000f4   0x080000f4   0x00000008   Code   RO         4894    .ARM.Collect$$$$0000000B  mc_w.l(entry9a.o)
    0x080000fc   0x080000fc   0x00000000   Code   RO         4896    .ARM.Collect$$$$0000000D  mc_w.l(entry10a.o)
    0x080000fc   0x080000fc   0x00000000   Code   RO         4898    .ARM.Collect$$$$0000000F  mc_w.l(entry11a.o)
    0x080000fc   0x080000fc   0x00000004   Code   RO         4887    .ARM.Collect$$$$00002712  mc_w.l(entry2.o)
    0x08000100   0x08000100   0x00000024   Code   RO            4    .text               startup_stm32f10x_md.o
    0x08000124   0x08000124   0x000000b0   Code   RO         4852    .text               mf_w.l(fadd.o)
    0x080001d4   0x080001d4   0x00000064   Code   RO         4854    .text               mf_w.l(fmul.o)
    0x08000238   0x08000238   0x0000007c   Code   RO         4856    .text               mf_w.l(fdiv.o)
    0x080002b4   0x080002b4   0x0000014e   Code   RO         4858    .text               mf_w.l(dadd.o)
    0x08000402   0x08000402   0x000000de   Code   RO         4860    .text               mf_w.l(ddiv.o)
    0x080004e0   0x080004e0   0x00000012   Code   RO         4862    .text               mf_w.l(fflti.o)
    0x080004f2   0x080004f2   0x0000000a   Code   RO         4864    .text               mf_w.l(ffltui.o)
    0x080004fc   0x080004fc   0x0000001a   Code   RO         4868    .text               mf_w.l(dfltui.o)
    0x08000516   0x08000516   0x00000032   Code   RO         4870    .text               mf_w.l(ffixi.o)
    0x08000548   0x08000548   0x00000028   Code   RO         4872    .text               mf_w.l(ffixui.o)
    0x08000570   0x08000570   0x00000032   Code   RO         4874    .text               mf_w.l(dfixui.o)
    0x080005a2   0x080005a2   0x00000026   Code   RO         4876    .text               mf_w.l(f2d.o)
    0x080005c8   0x080005c8   0x00000030   Code   RO         4878    .text               mf_w.l(cdcmple.o)
    0x080005f8   0x080005f8   0x00000038   Code   RO         4880    .text               mf_w.l(d2f.o)
    0x08000630   0x08000630   0x00000014   Code   RO         4882    .text               mf_w.l(cfcmple.o)
    0x08000644   0x08000644   0x00000014   Code   RO         4884    .text               mf_w.l(cfrcmple.o)
    0x08000658   0x08000658   0x0000002c   Code   RO         4901    .text               mc_w.l(uidiv.o)
    0x08000684   0x08000684   0x00000062   Code   RO         4903    .text               mc_w.l(uldiv.o)
    0x080006e6   0x080006e6   0x0000001e   Code   RO         4905    .text               mc_w.l(llshl.o)
    0x08000704   0x08000704   0x00000020   Code   RO         4907    .text               mc_w.l(llushr.o)
    0x08000724   0x08000724   0x00000024   Code   RO         4909    .text               mc_w.l(llsshr.o)
    0x08000748   0x08000748   0x00000000   Code   RO         4911    .text               mc_w.l(iusefp.o)
    0x08000748   0x08000748   0x0000006e   Code   RO         4912    .text               mf_w.l(fepilogue.o)
    0x080007b6   0x080007b6   0x000000ba   Code   RO         4914    .text               mf_w.l(depilogue.o)
    0x08000870   0x08000870   0x000000e4   Code   RO         4916    .text               mf_w.l(dmul.o)
    0x08000954   0x08000954   0x00000030   Code   RO         4918    .text               mf_w.l(dfixul.o)
    0x08000984   0x08000984   0x00000030   Code   RO         4920    .text               mf_w.l(cdrcmple.o)
    0x080009b4   0x080009b4   0x00000024   Code   RO         4922    .text               mc_w.l(init.o)
    0x080009d8   0x080009d8   0x00000016   Code   RO          202    i.ADC_Cmd           stm32f10x_adc.o
    0x080009ee   0x080009ee   0x00000016   Code   RO          203    i.ADC_DMACmd        stm32f10x_adc.o
    0x08000a04   0x08000a04   0x00000014   Code   RO          210    i.ADC_GetCalibrationStatus  stm32f10x_adc.o
    0x08000a18   0x08000a18   0x00000014   Code   RO          216    i.ADC_GetResetCalibrationStatus  stm32f10x_adc.o
    0x08000a2c   0x08000a2c   0x00000050   Code   RO          220    i.ADC_Init          stm32f10x_adc.o
    0x08000a7c   0x08000a7c   0x000000b8   Code   RO          224    i.ADC_RegularChannelConfig  stm32f10x_adc.o
    0x08000b34   0x08000b34   0x0000000a   Code   RO          225    i.ADC_ResetCalibration  stm32f10x_adc.o
    0x08000b3e   0x08000b3e   0x00000016   Code   RO          227    i.ADC_SoftwareStartConvCmd  stm32f10x_adc.o
    0x08000b54   0x08000b54   0x0000000a   Code   RO          229    i.ADC_StartCalibration  stm32f10x_adc.o
    0x08000b5e   0x08000b5e   0x00000002   PAD
    0x08000b60   0x08000b60   0x00000104   Code   RO         3735    i.Adc_Init          two_gray_sensor.o
    0x08000c64   0x08000c64   0x00000004   Code   RO         4527    i.BusFault_Handler  stm32f10x_it.o
    0x08000c68   0x08000c68   0x00000044   Code   RO         4325    i.Camera_IRQHandler  camera_protocol.o
    0x08000cac   0x08000cac   0x0000002c   Code   RO         4326    i.Camera_Init       camera_protocol.o
    0x08000cd8   0x08000cd8   0x0000001a   Code   RO         3560    i.Car_Move_Backward  motor.o
    0x08000cf2   0x08000cf2   0x00000010   Code   RO         3562    i.Car_Stop          motor.o
    0x08000d02   0x08000d02   0x00000016   Code   RO         3563    i.Car_Turn_Left     motor.o
    0x08000d18   0x08000d18   0x00000016   Code   RO         3564    i.Car_Turn_Right    motor.o
    0x08000d2e   0x08000d2e   0x00000002   PAD
    0x08000d30   0x08000d30   0x00000024   Code   RO         4007    i.DHT11_IO_INPUT_Init  dht11.o
    0x08000d54   0x08000d54   0x00000024   Code   RO         4008    i.DHT11_IO_OUTPUT_Init  dht11.o
    0x08000d78   0x08000d78   0x00000074   Code   RO         4009    i.DHT11_Read_Byte   dht11.o
    0x08000dec   0x08000dec   0x000000a4   Code   RO         4010    i.DHT11_Start       dht11.o
    0x08000e90   0x08000e90   0x00000058   Code   RO         4011    i.DHT_Read          dht11.o
    0x08000ee8   0x08000ee8   0x00000018   Code   RO          911    i.DMA_Cmd           stm32f10x_dma.o
    0x08000f00   0x08000f00   0x0000003c   Code   RO          917    i.DMA_Init          stm32f10x_dma.o
    0x08000f3c   0x08000f3c   0x00000002   Code   RO         4528    i.DebugMon_Handler  stm32f10x_it.o
    0x08000f3e   0x08000f3e   0x00000018   Code   RO         3196    i.Delay_ms          delay.o
    0x08000f56   0x08000f56   0x0000002e   Code   RO         3198    i.Delay_us          delay.o
    0x08000f84   0x08000f84   0x0000002c   Code   RO         4053    i.Digital_Init      digital.o
    0x08000fb0   0x08000fb0   0x000000cc   Code   RO         4463    i.Display_Sensor_Update  main.o
    0x0800107c   0x0800107c   0x0000002c   Code   RO         4074    i.Distance_IO_Init  gir_distance.o
    0x080010a8   0x080010a8   0x0000001c   Code   RO         4075    i.Distance_SDA_SetInput  gir_distance.o
    0x080010c4   0x080010c4   0x00000024   Code   RO         4076    i.Distance_SDA_SetOutput  gir_distance.o
    0x080010e8   0x080010e8   0x00000074   Code   RO         3658    i.EXTI15_10_IRQHandler  encoder.o
    0x0800115c   0x0800115c   0x0000006c   Code   RO         3659    i.EXTI1_IRQHandler  encoder.o
    0x080011c8   0x080011c8   0x00000070   Code   RO         3660    i.EXTI2_IRQHandler  encoder.o
    0x08001238   0x08001238   0x00000070   Code   RO         3661    i.EXTI9_5_IRQHandler  encoder.o
    0x080012a8   0x080012a8   0x0000000c   Code   RO          985    i.EXTI_ClearITPendingBit  stm32f10x_exti.o
    0x080012b4   0x080012b4   0x00000028   Code   RO          989    i.EXTI_GetITStatus  stm32f10x_exti.o
    0x080012dc   0x080012dc   0x00000080   Code   RO         3795    i.Execute_Left_Turn  two_gray_line_following.o
    0x0800135c   0x0800135c   0x00000074   Code   RO         3796    i.Execute_Right_Turn  two_gray_line_following.o
    0x080013d0   0x080013d0   0x00000116   Code   RO         1347    i.GPIO_Init         stm32f10x_gpio.o
    0x080014e6   0x080014e6   0x00000002   PAD
    0x080014e8   0x080014e8   0x00000090   Code   RO         1349    i.GPIO_PinRemapConfig  stm32f10x_gpio.o
    0x08001578   0x08001578   0x00000012   Code   RO         1351    i.GPIO_ReadInputDataBit  stm32f10x_gpio.o
    0x0800158a   0x0800158a   0x00000004   Code   RO         1354    i.GPIO_ResetBits    stm32f10x_gpio.o
    0x0800158e   0x0800158e   0x00000004   Code   RO         1355    i.GPIO_SetBits      stm32f10x_gpio.o
    0x08001592   0x08001592   0x00000002   PAD
    0x08001594   0x08001594   0x00000074   Code   RO         4077    i.Gir_distance_sensor_init  gir_distance.o
    0x08001608   0x08001608   0x0000002c   Code   RO         4078    i.Gir_setMode       gir_distance.o
    0x08001634   0x08001634   0x00000004   Code   RO         4529    i.HardFault_Handler  stm32f10x_it.o
    0x08001638   0x08001638   0x00000070   Code   RO         3797    i.Line_Following_With_Turns  two_gray_line_following.o
    0x080016a8   0x080016a8   0x00000004   Code   RO         4530    i.MemManage_Handler  stm32f10x_it.o
    0x080016ac   0x080016ac   0x000000b4   Code   RO         3565    i.Motor1_TIM3_Init  motor.o
    0x08001760   0x08001760   0x00000238   Code   RO         3566    i.Motor234_TIM1_TIM8_TIM4_Init  motor.o
    0x08001998   0x08001998   0x000000f4   Code   RO         3568    i.Motor_SetSpeed    motor.o
    0x08001a8c   0x08001a8c   0x00000002   Code   RO         4531    i.NMI_Handler       stm32f10x_it.o
    0x08001a8e   0x08001a8e   0x00000002   PAD
    0x08001a90   0x08001a90   0x00000070   Code   RO          137    i.NVIC_Init         misc.o
    0x08001b00   0x08001b00   0x00000014   Code   RO          138    i.NVIC_PriorityGroupConfig  misc.o
    0x08001b14   0x08001b14   0x0000000c   Code   RO         3569    i.PWM_Motors_Init   motor.o
    0x08001b20   0x08001b20   0x00000002   Code   RO         4532    i.PendSV_Handler    stm32f10x_it.o
    0x08001b22   0x08001b22   0x00000002   PAD
    0x08001b24   0x08001b24   0x00000020   Code   RO         1774    i.RCC_AHBPeriphClockCmd  stm32f10x_rcc.o
    0x08001b44   0x08001b44   0x00000020   Code   RO         1775    i.RCC_APB1PeriphClockCmd  stm32f10x_rcc.o
    0x08001b64   0x08001b64   0x00000020   Code   RO         1777    i.RCC_APB2PeriphClockCmd  stm32f10x_rcc.o
    0x08001b84   0x08001b84   0x0000004c   Code   RO         1784    i.RCC_DeInit        stm32f10x_rcc.o
    0x08001bd0   0x08001bd0   0x000000d4   Code   RO         1785    i.RCC_GetClocksFreq  stm32f10x_rcc.o
    0x08001ca4   0x08001ca4   0x0000003c   Code   RO         1786    i.RCC_GetFlagStatus  stm32f10x_rcc.o
    0x08001ce0   0x08001ce0   0x00000010   Code   RO         1788    i.RCC_GetSYSCLKSource  stm32f10x_rcc.o
    0x08001cf0   0x08001cf0   0x00000018   Code   RO         1789    i.RCC_HCLKConfig    stm32f10x_rcc.o
    0x08001d08   0x08001d08   0x0000004c   Code   RO         1790    i.RCC_HSEConfig     stm32f10x_rcc.o
    0x08001d54   0x08001d54   0x00000018   Code   RO         1796    i.RCC_PCLK1Config   stm32f10x_rcc.o
    0x08001d6c   0x08001d6c   0x00000018   Code   RO         1797    i.RCC_PCLK2Config   stm32f10x_rcc.o
    0x08001d84   0x08001d84   0x0000000c   Code   RO         1798    i.RCC_PLLCmd        stm32f10x_rcc.o
    0x08001d90   0x08001d90   0x0000001c   Code   RO         1799    i.RCC_PLLConfig     stm32f10x_rcc.o
    0x08001dac   0x08001dac   0x00000018   Code   RO         1802    i.RCC_SYSCLKConfig  stm32f10x_rcc.o
    0x08001dc4   0x08001dc4   0x00000020   Code   RO         4054    i.Read_Digital      digital.o
    0x08001de4   0x08001de4   0x0000001c   Code   RO         4342    i.ResetFrameParser  camera_protocol.o
    0x08001e00   0x08001e00   0x00000064   Code   RO         3446    i.S485_IO_Init      serial.o
    0x08001e64   0x08001e64   0x00000074   Code   RO         3447    i.S485_Init         serial.o
    0x08001ed8   0x08001ed8   0x0000002c   Code   RO         3941    i.SMG_IO_Init       tm1637.o
    0x08001f04   0x08001f04   0x00000002   Code   RO         4533    i.SVC_Handler       stm32f10x_it.o
    0x08001f06   0x08001f06   0x00000002   PAD
    0x08001f08   0x08001f08   0x000000b8   Code   RO         3448    i.Serial_Init       serial.o
    0x08001fc0   0x08001fc0   0x00000020   Code   RO         3452    i.Serial_SendByte   serial.o
    0x08001fe0   0x08001fe0   0x00000008   Code   RO           24    i.SetSysClock       system_stm32f10x.o
    0x08001fe8   0x08001fe8   0x000000e0   Code   RO           25    i.SetSysClockTo72   system_stm32f10x.o
    0x080020c8   0x080020c8   0x00000030   Code   RO         3570    i.Set_All_Wheels    motor.o
    0x080020f8   0x080020f8   0x0000004c   Code   RO         3571    i.Set_Wheel_Speed   motor.o
    0x08002144   0x08002144   0x00000018   Code   RO         3199    i.SysTick_Handler   delay.o
    0x0800215c   0x0800215c   0x00000078   Code   RO         3665    i.SystemClock_Config  encoder.o
    0x080021d4   0x080021d4   0x00000060   Code   RO           27    i.SystemInit        system_stm32f10x.o
    0x08002234   0x08002234   0x00000028   Code   RO         3200    i.Systick_Init      delay.o
    0x0800225c   0x0800225c   0x000000cc   Code   RO         3241    i.TIM2_IRQHandler   timer.o
    0x08002328   0x08002328   0x00000018   Code   RO         2409    i.TIM_ARRPreloadConfig  stm32f10x_tim.o
    0x08002340   0x08002340   0x00000020   Code   RO         2410    i.TIM_BDTRConfig    stm32f10x_tim.o
    0x08002360   0x08002360   0x00000012   Code   RO         2411    i.TIM_BDTRStructInit  stm32f10x_tim.o
    0x08002372   0x08002372   0x00000006   Code   RO         2415    i.TIM_ClearFlag     stm32f10x_tim.o
    0x08002378   0x08002378   0x00000006   Code   RO         2416    i.TIM_ClearITPendingBit  stm32f10x_tim.o
    0x0800237e   0x0800237e   0x00000018   Code   RO         2421    i.TIM_Cmd           stm32f10x_tim.o
    0x08002396   0x08002396   0x0000001e   Code   RO         2423    i.TIM_CtrlPWMOutputs  stm32f10x_tim.o
    0x080023b4   0x080023b4   0x00000022   Code   RO         2442    i.TIM_GetITStatus   stm32f10x_tim.o
    0x080023d6   0x080023d6   0x00000012   Code   RO         2446    i.TIM_ITConfig      stm32f10x_tim.o
    0x080023e8   0x080023e8   0x0000000c   Code   RO         2448    i.TIM_InternalClockConfig  stm32f10x_tim.o
    0x080023f4   0x080023f4   0x00000098   Code   RO         2450    i.TIM_OC1Init       stm32f10x_tim.o
    0x0800248c   0x0800248c   0x00000012   Code   RO         2453    i.TIM_OC1PreloadConfig  stm32f10x_tim.o
    0x0800249e   0x0800249e   0x00000002   PAD
    0x080024a0   0x080024a0   0x000000a4   Code   RO         2455    i.TIM_OC2Init       stm32f10x_tim.o
    0x08002544   0x08002544   0x0000001a   Code   RO         2458    i.TIM_OC2PreloadConfig  stm32f10x_tim.o
    0x0800255e   0x0800255e   0x00000002   PAD
    0x08002560   0x08002560   0x000000a0   Code   RO         2460    i.TIM_OC3Init       stm32f10x_tim.o
    0x08002600   0x08002600   0x00000012   Code   RO         2463    i.TIM_OC3PreloadConfig  stm32f10x_tim.o
    0x08002612   0x08002612   0x00000002   PAD
    0x08002614   0x08002614   0x0000007c   Code   RO         2465    i.TIM_OC4Init       stm32f10x_tim.o
    0x08002690   0x08002690   0x0000001a   Code   RO         2467    i.TIM_OC4PreloadConfig  stm32f10x_tim.o
    0x080026aa   0x080026aa   0x00000014   Code   RO         2468    i.TIM_OCStructInit  stm32f10x_tim.o
    0x080026be   0x080026be   0x00000004   Code   RO         2482    i.TIM_SetCompare1   stm32f10x_tim.o
    0x080026c2   0x080026c2   0x00000004   Code   RO         2483    i.TIM_SetCompare2   stm32f10x_tim.o
    0x080026c6   0x080026c6   0x00000004   Code   RO         2484    i.TIM_SetCompare3   stm32f10x_tim.o
    0x080026ca   0x080026ca   0x00000006   Code   RO         2485    i.TIM_SetCompare4   stm32f10x_tim.o
    0x080026d0   0x080026d0   0x000000a4   Code   RO         2492    i.TIM_TimeBaseInit  stm32f10x_tim.o
    0x08002774   0x08002774   0x00000038   Code   RO         3942    i.TM1637_ClearDisplay  tm1637.o
    0x080027ac   0x080027ac   0x000000bc   Code   RO         3943    i.TM1637_DisplayNumber  tm1637.o
    0x08002868   0x08002868   0x00000020   Code   RO         3945    i.TM1637_Init       tm1637.o
    0x08002888   0x08002888   0x0000001c   Code   RO         3946    i.TM1637_SetBrightness  tm1637.o
    0x080028a4   0x080028a4   0x0000003c   Code   RO         3947    i.TM1637_Start      tm1637.o
    0x080028e0   0x080028e0   0x0000003c   Code   RO         3948    i.TM1637_Stop       tm1637.o
    0x0800291c   0x0800291c   0x00000094   Code   RO         3949    i.TM1637_WriteByte  tm1637.o
    0x080029b0   0x080029b0   0x0000007a   Code   RO         3242    i.Timer_Init        timer.o
    0x08002a2a   0x08002a2a   0x00000002   PAD
    0x08002a2c   0x08002a2c   0x00000180   Code   RO         3799    i.Two_Gray_FourDrive_PD_Patrol  two_gray_line_following.o
    0x08002bac   0x08002bac   0x00000024   Code   RO         3738    i.Two_gray_sensor_IO_Init  two_gray_sensor.o
    0x08002bd0   0x08002bd0   0x00000008   Code   RO         3739    i.Two_gray_sensor_Init  two_gray_sensor.o
    0x08002bd8   0x08002bd8   0x00000138   Code   RO         3455    i.USART1_CONTROL    serial.o
    0x08002d10   0x08002d10   0x0000002c   Code   RO         3456    i.USART1_IRQHandler  serial.o
    0x08002d3c   0x08002d3c   0x00000024   Code   RO         3457    i.USART2_IRQHandler  serial.o
    0x08002d60   0x08002d60   0x00000012   Code   RO         2956    i.USART_ClearFlag   stm32f10x_usart.o
    0x08002d72   0x08002d72   0x0000001e   Code   RO         2957    i.USART_ClearITPendingBit  stm32f10x_usart.o
    0x08002d90   0x08002d90   0x00000018   Code   RO         2960    i.USART_Cmd         stm32f10x_usart.o
    0x08002da8   0x08002da8   0x0000001a   Code   RO         2963    i.USART_GetFlagStatus  stm32f10x_usart.o
    0x08002dc2   0x08002dc2   0x00000054   Code   RO         2964    i.USART_GetITStatus  stm32f10x_usart.o
    0x08002e16   0x08002e16   0x0000004a   Code   RO         2966    i.USART_ITConfig    stm32f10x_usart.o
    0x08002e60   0x08002e60   0x000000d8   Code   RO         2967    i.USART_Init        stm32f10x_usart.o
    0x08002f38   0x08002f38   0x0000000a   Code   RO         2974    i.USART_ReceiveData  stm32f10x_usart.o
    0x08002f42   0x08002f42   0x00000008   Code   RO         2977    i.USART_SendData    stm32f10x_usart.o
    0x08002f4a   0x08002f4a   0x00000004   Code   RO         4534    i.UsageFault_Handler  stm32f10x_it.o
    0x08002f4e   0x08002f4e   0x00000002   PAD
    0x08002f50   0x08002f50   0x00000020   Code   RO         4824    i.__0printf         mc_w.l(printfa.o)
    0x08002f70   0x08002f70   0x0000000e   Code   RO         4926    i.__scatterload_copy  mc_w.l(handlers.o)
    0x08002f7e   0x08002f7e   0x00000002   Code   RO         4927    i.__scatterload_null  mc_w.l(handlers.o)
    0x08002f80   0x08002f80   0x0000000e   Code   RO         4928    i.__scatterload_zeroinit  mc_w.l(handlers.o)
    0x08002f8e   0x08002f8e   0x00000002   PAD
    0x08002f90   0x08002f90   0x00000164   Code   RO         4831    i._fp_digits        mc_w.l(printfa.o)
    0x080030f4   0x080030f4   0x000006dc   Code   RO         4832    i._printf_core      mc_w.l(printfa.o)
    0x080037d0   0x080037d0   0x00000024   Code   RO         4833    i._printf_post_padding  mc_w.l(printfa.o)
    0x080037f4   0x080037f4   0x0000002e   Code   RO         4834    i._printf_pre_padding  mc_w.l(printfa.o)
    0x08003822   0x08003822   0x00000060   Code   RO         4079    i.dataInit          gir_distance.o
    0x08003882   0x08003882   0x00000010   Code   RO         3458    i.fputc             serial.o
    0x08003892   0x08003892   0x00000002   PAD
    0x08003894   0x08003894   0x00000104   Code   RO         4080    i.getDistance       gir_distance.o
    0x08003998   0x08003998   0x0000000e   Code   RO         4081    i.highPrecisionEnable  gir_distance.o
    0x080039a6   0x080039a6   0x00000048   Code   RO         4082    i.i2c_read_byte     gir_distance.o
    0x080039ee   0x080039ee   0x00000018   Code   RO         4083    i.i2c_start         gir_distance.o
    0x08003a06   0x08003a06   0x0000001e   Code   RO         4084    i.i2c_stop          gir_distance.o
    0x08003a24   0x08003a24   0x00000046   Code   RO         4085    i.i2c_write_byte    gir_distance.o
    0x08003a6a   0x08003a6a   0x00000002   PAD
    0x08003a6c   0x08003a6c   0x000000e4   Code   RO         4464    i.main              main.o
    0x08003b50   0x08003b50   0x00000044   Code   RO         4086    i.readByteData      gir_distance.o
    0x08003b94   0x08003b94   0x0000005c   Code   RO         4087    i.readData          gir_distance.o
    0x08003bf0   0x08003bf0   0x00000048   Code   RO         4088    i.readGIr_distance_sensor  gir_distance.o
    0x08003c38   0x08003c38   0x00000018   Code   RO         4089    i.scl_high          gir_distance.o
    0x08003c50   0x08003c50   0x00000018   Code   RO         4090    i.scl_low           gir_distance.o
    0x08003c68   0x08003c68   0x00000018   Code   RO         4091    i.sda_high          gir_distance.o
    0x08003c80   0x08003c80   0x00000018   Code   RO         4092    i.sda_low           gir_distance.o
    0x08003c98   0x08003c98   0x00000010   Code   RO         4093    i.sda_read          gir_distance.o
    0x08003ca8   0x08003ca8   0x0000001c   Code   RO         4094    i.setDeviceAddress  gir_distance.o
    0x08003cc4   0x08003cc4   0x000000b4   Code   RO         4095    i.start             gir_distance.o
    0x08003d78   0x08003d78   0x0000002c   Code   RO         4097    i.writeByteData     gir_distance.o
    0x08003da4   0x08003da4   0x00000012   Data   RO         3950    .constdata          tm1637.o
    0x08003db6   0x08003db6   0x00000002   PAD
    0x08003db8   0x08003db8   0x00000020   Data   RO         4924    Region$$Table       anon$$obj.o


    Execution Region RW_IRAM1 (Exec base: 0x20000000, Load base: 0x08003dd8, Size: 0x00000700, Max: 0x0000c000, ABSOLUTE)

    Exec Addr    Load Addr    Size         Type   Attr      Idx    E Section Name        Object

    0x20000000   0x08003dd8   0x00000014   Data   RW           28    .data               system_stm32f10x.o
    0x20000014   0x08003dec   0x00000014   Data   RW         1805    .data               stm32f10x_rcc.o
    0x20000028   0x08003e00   0x00000008   Data   RW         3202    .data               delay.o
    0x20000030   0x08003e08   0x00000014   Data   RW         3243    .data               timer.o
    0x20000044   0x08003e1c   0x0000000a   Data   RW         3460    .data               serial.o
    0x2000004e   0x08003e26   0x00000006   Data   RW         3742    .data               two_gray_sensor.o
    0x20000054   0x08003e2c   0x00000014   Data   RW         3800    .data               two_gray_line_following.o
    0x20000068   0x08003e40   0x00000002   Data   RW         4012    .data               dht11.o
    0x2000006a   0x08003e42   0x00000002   Data   RW         4100    .data               gir_distance.o
    0x2000006c   0x08003e44   0x0000000a   Data   RW         4346    .data               camera_protocol.o
    0x20000076   0x08003e4e   0x0000002e   Data   RW         4466    .data               main.o
    0x200000a4   0x08003e7c   0x00000004   Data   RW         4900    .data               mc_w.l(stdout.o)
    0x200000a8        -       0x00000188   Zero   RW         3459    .bss                serial.o
    0x20000230        -       0x00000010   Zero   RW         3666    .bss                encoder.o
    0x20000240        -       0x0000001c   Zero   RW         4099    .bss                gir_distance.o
    0x2000025c        -       0x000000a0   Zero   RW         4345    .bss                camera_protocol.o
    0x200002fc   0x08003e80   0x00000004   PAD
    0x20000300        -       0x00000400   Zero   RW            1    STACK               startup_stm32f10x_md.o


==============================================================================

Image component sizes


      Code (inc. data)   RO Data    RW Data    ZI Data      Debug   Object Name

       140         46          0         10        160       2702   camera_protocol.o
         0          0          0          0          0       4504   core_cm3.o
       134         10          0          8          0       2754   delay.o
       440         30          0          2          0       3988   dht11.o
        76         12          0          0          0       1482   digital.o
       568         56          0          0         16       3965   encoder.o
      1430        210          0          2         28      15647   gir_distance.o
       432         50          0         46          0       3041   main.o
       132         22          0          0          0     215667   misc.o
      1214         58          0          0          0       6982   motor.o
       840         64          0         10        392       8043   serial.o
        36          8        236          0       1024        860   startup_stm32f10x_md.o
       390         10          0          0          0      18641   stm32f10x_adc.o
        84          0          0          0          0      12785   stm32f10x_dma.o
        52         12          0          0          0       1216   stm32f10x_exti.o
       448          6          0          0          0      13134   stm32f10x_gpio.o
        24          0          0          0          0       3988   stm32f10x_it.o
       672         98          0         20          0      19958   stm32f10x_rcc.o
      1094         92          0          0          0      36177   stm32f10x_tim.o
       490          6          0          0          0      13849   stm32f10x_usart.o
       328         28          0         20          0      56133   system_stm32f10x.o
       326         34          0         20          0       2551   timer.o
       616         32         18          0          0       5307   tm1637.o
       740         72          0         20          0       4056   two_gray_line_following.o
       304         20          0          6          0       2613   two_gray_sensor.o

    ----------------------------------------------------------------------
     11038        976        288        164       1624     460043   Object Totals
         0          0         32          0          0          0   (incl. Generated)
        28          0          2          0          4          0   (incl. Padding)

    ----------------------------------------------------------------------

      Code (inc. data)   RO Data    RW Data    ZI Data      Debug   Library Member Name

         0          0          0          0          0          0   entry.o
         0          0          0          0          0          0   entry10a.o
         0          0          0          0          0          0   entry11a.o
         8          4          0          0          0          0   entry2.o
         4          0          0          0          0          0   entry5.o
         0          0          0          0          0          0   entry7b.o
         0          0          0          0          0          0   entry8b.o
         8          4          0          0          0          0   entry9a.o
        30          0          0          0          0          0   handlers.o
        36          8          0          0          0         68   init.o
         0          0          0          0          0          0   iusefp.o
        30          0          0          0          0         68   llshl.o
        36          0          0          0          0         68   llsshr.o
        32          0          0          0          0         68   llushr.o
      2226         90          0          0          0        444   printfa.o
         0          0          0          4          0          0   stdout.o
        44          0          0          0          0         80   uidiv.o
        98          0          0          0          0         92   uldiv.o
        48          0          0          0          0         68   cdcmple.o
        48          0          0          0          0         68   cdrcmple.o
        20          0          0          0          0         68   cfcmple.o
        20          0          0          0          0         68   cfrcmple.o
        56          0          0          0          0         88   d2f.o
       334          0          0          0          0        148   dadd.o
       222          0          0          0          0        100   ddiv.o
       186          0          0          0          0        176   depilogue.o
        50          0          0          0          0         76   dfixui.o
        48          0          0          0          0         68   dfixul.o
        26          0          0          0          0         76   dfltui.o
       228          0          0          0          0         96   dmul.o
        38          0          0          0          0         68   f2d.o
       176          0          0          0          0        140   fadd.o
       124          0          0          0          0         88   fdiv.o
       110          0          0          0          0        168   fepilogue.o
        50          0          0          0          0         68   ffixi.o
        40          0          0          0          0         68   ffixui.o
        18          0          0          0          0         68   fflti.o
        10          0          0          0          0         68   ffltui.o
       100          0          0          0          0         76   fmul.o

    ----------------------------------------------------------------------
      4506        106          0          4          0       2800   Library Totals
         2          0          0          0          0          0   (incl. Padding)

    ----------------------------------------------------------------------

      Code (inc. data)   RO Data    RW Data    ZI Data      Debug   Library Name

      2552        106          0          4          0        888   mc_w.l
      1952          0          0          0          0       1912   mf_w.l

    ----------------------------------------------------------------------
      4506        106          0          4          0       2800   Library Totals

    ----------------------------------------------------------------------

==============================================================================


      Code (inc. data)   RO Data    RW Data    ZI Data      Debug   

     15544       1082        288        168       1624     453531   Grand Totals
     15544       1082        288        168       1624     453531   ELF Image Totals
     15544       1082        288        168          0          0   ROM Totals

==============================================================================

    Total RO  Size (Code + RO Data)                15832 (  15.46kB)
    Total RW  Size (RW Data + ZI Data)              1792 (   1.75kB)
    Total ROM Size (Code + RO Data + RW Data)      16000 (  15.63kB)

==============================================================================

